[    0.000000] Linux version 4.15.0-66-generic (buildd@lgw01-amd64-044) (gcc version 7.4.0 (Ubuntu 7.4.0-1ubuntu1~18.04.1)) #75-Ubuntu SMP Tue Oct 1 05:24:09 UTC 2019 (Ubuntu 4.15.0-66.75-generic 4.15.18)
[    0.000000] Command line: BOOT_IMAGE=/boot/vmlinuz-4.15.0-66-generic root=LABEL=cloudimg-rootfs ro console=tty1 console=ttyS0
[    0.000000] KERNEL supported cpus:
[    0.000000]   Intel GenuineIntel
[    0.000000]   AMD AuthenticAMD
[    0.000000]   Centaur CentaurHauls
[    0.000000] x86/fpu: Supporting XSAVE feature 0x001: 'x87 floating point registers'
[    0.000000] x86/fpu: Supporting XSAVE feature 0x002: 'SSE registers'
[    0.000000] x86/fpu: Supporting XSAVE feature 0x004: 'AVX registers'
[    0.000000] x86/fpu: xstate_offset[2]:  576, xstate_sizes[2]:  256
[    0.000000] x86/fpu: Enabled xstate features 0x7, context size is 832 bytes, using 'standard' format.
[    0.000000] e820: BIOS-provided physical RAM map:
[    0.000000] BIOS-e820: [mem 0x0000000000000000-0x000000000009fbff] usable
[    0.000000] BIOS-e820: [mem 0x000000000009fc00-0x000000000009ffff] reserved
[    0.000000] BIOS-e820: [mem 0x00000000000f0000-0x00000000000fffff] reserved
[    0.000000] BIOS-e820: [mem 0x0000000000100000-0x000000007ffeffff] usable
[    0.000000] BIOS-e820: [mem 0x000000007fff0000-0x000000007fffffff] ACPI data
[    0.000000] BIOS-e820: [mem 0x00000000fec00000-0x00000000fec00fff] reserved
[    0.000000] BIOS-e820: [mem 0x00000000fee00000-0x00000000fee00fff] reserved
[    0.000000] BIOS-e820: [mem 0x00000000fffc0000-0x00000000ffffffff] reserved
[    0.000000] NX (Execute Disable) protection: active
[    0.000000] SMBIOS 2.5 present.
[    0.000000] DMI: innotek GmbH VirtualBox/VirtualBox, BIOS VirtualBox 12/01/2006
[    0.000000] Hypervisor detected: KVM
[    0.000000] e820: last_pfn = 0x7fff0 max_arch_pfn = 0x400000000
[    0.000000] MTRR: Disabled
[    0.000000] x86/PAT: MTRRs disabled, skipping PAT initialization too.
[    0.000000] CPU MTRRs all blank - virtualized system.
[    0.000000] x86/PAT: Configuration [0-7]: WB  WT  UC- UC  WB  WT  UC- UC  
[    0.000000] found SMP MP-table at [mem 0x0009fff0-0x0009ffff]
[    0.000000] Scanning 1 areas for low memory corruption
[    0.000000] RAMDISK: [mem 0x35a89000-0x36d3bfff]
[    0.000000] ACPI: Early table checksum verification disabled
[    0.000000] ACPI: RSDP 0x00000000000E0000 000024 (v02 VBOX  )
[    0.000000] ACPI: XSDT 0x000000007FFF0030 00003C (v01 VBOX   VBOXXSDT 00000001 ASL  00000061)
[    0.000000] ACPI: FACP 0x000000007FFF00F0 0000F4 (v04 VBOX   VBOXFACP 00000001 ASL  00000061)
[    0.000000] ACPI: DSDT 0x000000007FFF0470 0022EA (v02 VBOX   VBOXBIOS 00000002 INTL 20100528)
[    0.000000] ACPI: FACS 0x000000007FFF0200 000040
[    0.000000] ACPI: FACS 0x000000007FFF0200 000040
[    0.000000] ACPI: APIC 0x000000007FFF0240 00005C (v02 VBOX   VBOXAPIC 00000001 ASL  00000061)
[    0.000000] ACPI: SSDT 0x000000007FFF02A0 0001CC (v01 VBOX   VBOXCPUT 00000002 INTL 20100528)
[    0.000000] No NUMA configuration found
[    0.000000] Faking a node at [mem 0x0000000000000000-0x000000007ffeffff]
[    0.000000] NODE_DATA(0) allocated [mem 0x7ffc5000-0x7ffeffff]
[    0.000000] kvm-clock: cpu 0, msr 0:7ff44001, primary cpu clock
[    0.000000] kvm-clock: Using msrs 4b564d01 and 4b564d00
[    0.000000] kvm-clock: using sched offset of 3300603480 cycles
[    0.000000] clocksource: kvm-clock: mask: 0xffffffffffffffff max_cycles: 0x1cd42e4dffb, max_idle_ns: 881590591483 ns
[    0.000000] Zone ranges:
[    0.000000]   DMA      [mem 0x0000000000001000-0x0000000000ffffff]
[    0.000000]   DMA32    [mem 0x0000000001000000-0x000000007ffeffff]
[    0.000000]   Normal   empty
[    0.000000]   Device   empty
[    0.000000] Movable zone start for each node
[    0.000000] Early memory node ranges
[    0.000000]   node   0: [mem 0x0000000000001000-0x000000000009efff]
[    0.000000]   node   0: [mem 0x0000000000100000-0x000000007ffeffff]
[    0.000000] Reserved but unavailable: 98 pages
[    0.000000] Initmem setup node 0 [mem 0x0000000000001000-0x000000007ffeffff]
[    0.000000] ACPI: PM-Timer IO Port: 0x4008
[    0.000000] IOAPIC[0]: apic_id 2, version 32, address 0xfec00000, GSI 0-23
[    0.000000] ACPI: INT_SRC_OVR (bus 0 bus_irq 0 global_irq 2 dfl dfl)
[    0.000000] ACPI: INT_SRC_OVR (bus 0 bus_irq 9 global_irq 9 low level)
[    0.000000] Using ACPI (MADT) for SMP configuration information
[    0.000000] smpboot: Allowing 2 CPUs, 0 hotplug CPUs
[    0.000000] PM: Registered nosave memory: [mem 0x00000000-0x00000fff]
[    0.000000] PM: Registered nosave memory: [mem 0x0009f000-0x0009ffff]
[    0.000000] PM: Registered nosave memory: [mem 0x000a0000-0x000effff]
[    0.000000] PM: Registered nosave memory: [mem 0x000f0000-0x000fffff]
[    0.000000] e820: [mem 0x80000000-0xfebfffff] available for PCI devices
[    0.000000] Booting paravirtualized kernel on KVM
[    0.000000] clocksource: refined-jiffies: mask: 0xffffffff max_cycles: 0xffffffff, max_idle_ns: 7645519600211568 ns
[    0.000000] random: get_random_bytes called from start_kernel+0x99/0x4fd with crng_init=0
[    0.000000] setup_percpu: NR_CPUS:8192 nr_cpumask_bits:2 nr_cpu_ids:2 nr_node_ids:1
[    0.000000] percpu: Embedded 46 pages/cpu s151552 r8192 d28672 u1048576
[    0.000000] PV qspinlock hash table entries: 256 (order: 0, 4096 bytes)
[    0.000000] Built 1 zonelists, mobility grouping on.  Total pages: 515961
[    0.000000] Policy zone: DMA32
[    0.000000] Kernel command line: BOOT_IMAGE=/boot/vmlinuz-4.15.0-66-generic root=LABEL=cloudimg-rootfs ro console=tty1 console=ttyS0
[    0.000000] Memory: 2015624K/2096696K available (12300K kernel code, 2481K rwdata, 4260K rodata, 2436K init, 2388K bss, 81072K reserved, 0K cma-reserved)
[    0.000000] SLUB: HWalign=64, Order=0-3, MinObjects=0, CPUs=2, Nodes=1
[    0.000000] Kernel/User page tables isolation: enabled
[    0.000000] ftrace: allocating 39306 entries in 154 pages
[    0.004000] Hierarchical RCU implementation.
[    0.004000] 	RCU restricting CPUs from NR_CPUS=8192 to nr_cpu_ids=2.
[    0.004000] 	Tasks RCU enabled.
[    0.004000] RCU: Adjusting geometry for rcu_fanout_leaf=16, nr_cpu_ids=2
[    0.004000] NR_IRQS: 524544, nr_irqs: 440, preallocated irqs: 16
[    0.004000] Console: colour VGA+ 80x25
[    0.004000] console [tty1] enabled
[    0.004000] console [ttyS0] enabled
[    0.004000] ACPI: Core revision 20170831
[    0.004000] ACPI: 2 ACPI AML tables successfully acquired and loaded
[    0.004000] APIC: Switch to symmetric I/O mode setup
[    0.004000] x2apic enabled
[    0.004000] Switched APIC routing to physical x2apic.
[    0.004000] ..TIMER: vector=0x30 apic1=0 pin1=2 apic2=-1 pin2=-1
[    0.004003] tsc: Detected 2999.998 MHz processor
[    0.004731] Calibrating delay loop (skipped) preset value.. 5999.99 BogoMIPS (lpj=11999992)
[    0.005300] pid_max: default: 32768 minimum: 301
[    0.006045] Security Framework initialized
[    0.006696] Yama: becoming mindful.
[    0.008016] AppArmor: AppArmor initialized
[    0.009872] Dentry cache hash table entries: 262144 (order: 9, 2097152 bytes)
[    0.012028] Inode-cache hash table entries: 131072 (order: 8, 1048576 bytes)
[    0.013489] Mount-cache hash table entries: 4096 (order: 3, 32768 bytes)
[    0.014521] Mountpoint-cache hash table entries: 4096 (order: 3, 32768 bytes)
[    0.015806] Last level iTLB entries: 4KB 128, 2MB 8, 4MB 8
[    0.016001] Last level dTLB entries: 4KB 64, 2MB 0, 4MB 0, 1GB 4
[    0.016928] Spectre V1 : Mitigation: usercopy/swapgs barriers and __user pointer sanitization
[    0.018249] Spectre V2 : Mitigation: Full generic retpoline
[    0.020001] Spectre V2 : Spectre v2 / SpectreRSB mitigation: Filling RSB on context switch
[    0.021284] Speculative Store Bypass: Vulnerable
[    0.022047] MDS: Mitigation: Clear CPU buffers
[    0.022874] Freeing SMP alternatives memory: 36K
[    0.133334] smpboot: CPU0: Intel(R) Core(TM) i5-8500 CPU @ 3.00GHz (family: 0x6, model: 0x9e, stepping: 0xa)
[    0.135541] Performance Events: unsupported p6 CPU model 158 no PMU driver, software events only.
[    0.136027] Hierarchical SRCU implementation.
[    0.137150] NMI watchdog: Perf event create on CPU 0 failed with -2
[    0.138102] NMI watchdog: Perf NMI watchdog permanently disabled
[    0.139042] smp: Bringing up secondary CPUs ...
[    0.139809] x86: Booting SMP configuration:
[    0.140002] .... node  #0, CPUs:      #1
[    0.004000] kvm-clock: cpu 1, msr 0:7ff44041, secondary cpu clock
[    0.144013] smp: Brought up 1 node, 2 CPUs
[    0.144776] smpboot: Max logical packages: 1
[    0.145443] smpboot: Total of 2 processors activated (11999.99 BogoMIPS)
[    0.148038] devtmpfs: initialized
[    0.148830] x86/mm: Memory block size: 128MB
[    0.149932] evm: security.selinux
[    0.150483] evm: security.SMACK64
[    0.151029] evm: security.SMACK64EXEC
[    0.151623] evm: security.SMACK64TRANSMUTE
[    0.152002] evm: security.SMACK64MMAP
[    0.152751] evm: security.apparmor
[    0.153314] evm: security.ima
[    0.153811] evm: security.capability
[    0.154419] clocksource: jiffies: mask: 0xffffffff max_cycles: 0xffffffff, max_idle_ns: 7645041785100000 ns
[    0.156006] futex hash table entries: 512 (order: 3, 32768 bytes)
[    0.157018] pinctrl core: initialized pinctrl subsystem
[    0.157943] RTC time: 11:11:34, date: 11/12/19
[    0.158721] NET: Registered protocol family 16
[    0.159489] audit: initializing netlink subsys (disabled)
[    0.160025] audit: type=2000 audit(1573557099.059:1): state=initialized audit_enabled=0 res=1
[    0.161436] cpuidle: using governor ladder
[    0.161436] cpuidle: using governor menu
[    0.164024] ACPI: bus type PCI registered
[    0.164846] acpiphp: ACPI Hot Plug PCI Controller Driver version: 0.5
[    0.166132] PCI: Using configuration type 1 for base access
[    0.169082] HugeTLB registered 2.00 MiB page size, pre-allocated 0 pages
[    0.169314] ACPI: Added _OSI(Module Device)
[    0.172002] ACPI: Added _OSI(Processor Device)
[    0.172859] ACPI: Added _OSI(3.0 _SCP Extensions)
[    0.173613] ACPI: Added _OSI(Processor Aggregator Device)
[    0.174484] ACPI: Added _OSI(Linux-Dell-Video)
[    0.175196] ACPI: Added _OSI(Linux-Lenovo-NV-HDMI-Audio)
[    0.176002] ACPI: Added _OSI(Linux-HPI-Hybrid-Graphics)
[    0.177153] ACPI: Executed 1 blocks of module-level executable AML code
[    0.181169] ACPI: Interpreter enabled
[    0.182027] ACPI: (supports S0 S5)
[    0.182744] ACPI: Using IOAPIC for interrupt routing
[    0.183702] PCI: Using host bridge windows from ACPI; if necessary, use "pci=nocrs" and report a bug
[    0.184152] ACPI: Enabled 2 GPEs in block 00 to 07
[    0.191615] ACPI: PCI Root Bridge [PCI0] (domain 0000 [bus 00-ff])
[    0.192007] acpi PNP0A03:00: _OSC: OS supports [ASPM ClockPM Segments MSI]
[    0.193693] acpi PNP0A03:00: _OSC: not requesting OS control; OS requires [ExtendedConfig ASPM ClockPM MSI]
[    0.195195] acpi PNP0A03:00: fail to add MMCONFIG information, can't access extended PCI configuration space under this bridge.
[    0.196325] PCI host bridge to bus 0000:00
[    0.196984] pci_bus 0000:00: root bus resource [io  0x0000-0x0cf7 window]
[    0.198022] pci_bus 0000:00: root bus resource [io  0x0d00-0xffff window]
[    0.200002] pci_bus 0000:00: root bus resource [mem 0x000a0000-0x000bffff window]
[    0.201190] pci_bus 0000:00: root bus resource [mem 0x80000000-0xfdffffff window]
[    0.202464] pci_bus 0000:00: root bus resource [bus 00-ff]
[    0.206074] pci 0000:00:01.1: legacy IDE quirk: reg 0x10: [io  0x01f0-0x01f7]
[    0.207175] pci 0000:00:01.1: legacy IDE quirk: reg 0x14: [io  0x03f6]
[    0.208000] pci 0000:00:01.1: legacy IDE quirk: reg 0x18: [io  0x0170-0x0177]
[    0.208003] pci 0000:00:01.1: legacy IDE quirk: reg 0x1c: [io  0x0376]
[    0.225911] pci 0000:00:07.0: quirk: [io  0x4000-0x403f] claimed by PIIX4 ACPI
[    0.227426] pci 0000:00:07.0: quirk: [io  0x4100-0x410f] claimed by PIIX4 SMB
[    0.235136] ACPI: PCI Interrupt Link [LNKA] (IRQs 5 9 10 *11)
[    0.236253] ACPI: PCI Interrupt Link [LNKB] (IRQs 5 9 *10 11)
[    0.237397] ACPI: PCI Interrupt Link [LNKC] (IRQs 5 *9 10 11)
[    0.238411] ACPI: PCI Interrupt Link [LNKD] (IRQs 5 9 10 *11)
[    0.240094] SCSI subsystem initialized
[    0.240751] pci 0000:00:02.0: vgaarb: setting as boot VGA device
[    0.241349] pci 0000:00:02.0: vgaarb: VGA device added: decodes=io+mem,owns=io+mem,locks=none
[    0.242763] pci 0000:00:02.0: vgaarb: bridge control possible
[    0.244005] vgaarb: loaded
[    0.244489] ACPI: bus type USB registered
[    0.245394] usbcore: registered new interface driver usbfs
[    0.246427] usbcore: registered new interface driver hub
[    0.247315] usbcore: registered new device driver usb
[    0.248038] EDAC MC: Ver: 3.0.0
[    0.248756] PCI: Using ACPI for IRQ routing
[    0.248988] NetLabel: Initializing
[    0.249552] NetLabel:  domain hash size = 128
[    0.250245] NetLabel:  protocols = UNLABELED CIPSOv4 CALIPSO
[    0.252016] NetLabel:  unlabeled traffic allowed by default
[    0.253390] clocksource: Switched to clocksource kvm-clock
[    0.262823] VFS: Disk quotas dquot_6.6.0
[    0.263597] VFS: Dquot-cache hash table entries: 512 (order 0, 4096 bytes)
[    0.265030] AppArmor: AppArmor Filesystem Enabled
[    0.265798] pnp: PnP ACPI init
[    0.267265] pnp: PnP ACPI: found 3 devices
[    0.275682] clocksource: acpi_pm: mask: 0xffffff max_cycles: 0xffffff, max_idle_ns: 2085701024 ns
[    0.277530] NET: Registered protocol family 2
[    0.278390] TCP established hash table entries: 16384 (order: 5, 131072 bytes)
[    0.279764] TCP bind hash table entries: 16384 (order: 6, 262144 bytes)
[    0.280836] TCP: Hash tables configured (established 16384 bind 16384)
[    0.283056] UDP hash table entries: 1024 (order: 3, 32768 bytes)
[    0.283998] UDP-Lite hash table entries: 1024 (order: 3, 32768 bytes)
[    0.285049] NET: Registered protocol family 1
[    0.285761] pci 0000:00:00.0: Limiting direct PCI/PCI transfers
[    0.286709] pci 0000:00:01.0: Activating ISA DMA hang workarounds
[    0.287704] pci 0000:00:02.0: Video device with shadowed ROM at [mem 0x000c0000-0x000dffff]
[    0.289127] Unpacking initramfs...
[    0.512909] Freeing initrd memory: 19148K
[    0.513839] clocksource: tsc: mask: 0xffffffffffffffff max_cycles: 0x2b3e43c8763, max_idle_ns: 440795360101 ns
[    0.515802] platform rtc_cmos: registered platform RTC device (no PNP device found)
[    0.517540] Scanning for low memory corruption every 60 seconds
[    0.519028] Initialise system trusted keyrings
[    0.520075] Key type blacklist registered
[    0.521387] workingset: timestamp_bits=36 max_order=19 bucket_order=0
[    0.523218] zbud: loaded
[    0.524144] squashfs: version 4.0 (2009/01/31) Phillip Lougher
[    0.525203] fuse init (API version 7.26)
[    0.527424] Key type asymmetric registered
[    0.528092] Asymmetric key parser 'x509' registered
[    0.528924] Block layer SCSI generic (bsg) driver version 0.4 loaded (major 246)
[    0.530154] io scheduler noop registered
[    0.530805] io scheduler deadline registered
[    0.531511] io scheduler cfq registered (default)
[    0.532592] ACPI: AC Adapter [AC] (on-line)
[    0.533330] input: Power Button as /devices/LNXSYSTM:00/LNXPWRBN:00/input/input0
[    0.534536] ACPI: Power Button [PWRF]
[    0.535191] input: Sleep Button as /devices/LNXSYSTM:00/LNXSLPBN:00/input/input1
[    0.536578] ACPI: Sleep Button [SLPF]
[    0.537541] Serial: 8250/16550 driver, 32 ports, IRQ sharing enabled
[    0.559281] 00:02: ttyS0 at I/O 0x3f8 (irq = 4, base_baud = 115200) is a 16550A
[    0.563122] Linux agpgart interface v0.103
[    0.565352] loop: module loaded
[    0.566415] scsi host0: ata_piix
[    0.567282] scsi host1: ata_piix
[    0.568037] ata1: PATA max UDMA/33 cmd 0x1f0 ctl 0x3f6 bmdma 0xd000 irq 14
[    0.569161] ata2: PATA max UDMA/33 cmd 0x170 ctl 0x376 bmdma 0xd008 irq 15
[    0.570575] libphy: Fixed MDIO Bus: probed
[    0.571570] tun: Universal TUN/TAP device driver, 1.6
[    0.572464] PPP generic driver version 2.4.2
[    0.573333] ehci_hcd: USB 2.0 'Enhanced' Host Controller (EHCI) Driver
[    0.574353] ehci-pci: EHCI PCI platform driver
[    0.575077] ehci-platform: EHCI generic platform driver
[    0.576086] ohci_hcd: USB 1.1 'Open' Host Controller (OHCI) Driver
[    0.577143] ohci-pci: OHCI PCI platform driver
[    0.577844] ohci-platform: OHCI generic platform driver
[    0.578650] uhci_hcd: USB Universal Host Controller Interface driver
[    0.579644] i8042: PNP: PS/2 Controller [PNP0303:PS2K,PNP0f03:PS2M] at 0x60,0x64 irq 1,12
[    0.581866] serio: i8042 KBD port at 0x60,0x64 irq 1
[    0.583004] serio: i8042 AUX port at 0x60,0x64 irq 12
[    0.583980] mousedev: PS/2 mouse device common for all mice
[    0.585949] rtc_cmos rtc_cmos: rtc core: registered rtc_cmos as rtc0
[    0.587209] input: AT Translated Set 2 keyboard as /devices/platform/i8042/serio0/input/input2
[    0.588600] rtc_cmos rtc_cmos: alarms up to one day, 114 bytes nvram
[    0.589696] i2c /dev entries driver
[    0.590306] device-mapper: uevent: version 1.0.3
[    0.591117] device-mapper: ioctl: 4.37.0-ioctl (2017-09-20) initialised: dm-devel@redhat.com
[    0.592497] ledtrig-cpu: registered to indicate activity on CPUs
[    0.593665] NET: Registered protocol family 10
[    0.597238] Segment Routing with IPv6
[    0.597884] NET: Registered protocol family 17
[    0.598656] Key type dns_resolver registered
[    0.599861] mce: Using 0 MCE banks
[    0.600507] RAS: Correctable Errors collector initialized.
[    0.601492] sched_clock: Marking stable (600488800, 0)->(740257450, -139768650)
[    0.602946] registered taskstats version 1
[    0.603622] Loading compiled-in X.509 certificates
[    0.606014] Loaded X.509 cert 'Build time autogenerated kernel key: 01a66adcc10ca4ce7676a3458c33483b0e2b806e'
[    0.607588] zswap: loaded using pool lzo/zbud
[    0.610555] Key type big_key registered
[    0.611186] Key type trusted registered
[    0.613041] Key type encrypted registered
[    0.613695] AppArmor: AppArmor sha1 policy hashing enabled
[    0.614552] ima: No TPM chip found, activating TPM-bypass! (rc=-19)
[    0.615520] ima: Allocated hash algorithm: sha1
[    0.616282] evm: HMAC attrs: 0x1
[    0.617010]   Magic number: 11:713:175
[    0.617624] misc network_throughput: hash matches
[    0.618429] rtc_cmos rtc_cmos: setting system clock to 2019-11-12 11:11:35 UTC (1573557095)
[    0.619809] BIOS EDD facility v0.16 2004-Jun-25, 0 devices found
[    0.620778] EDD information not available.
[    0.731137] Freeing unused kernel image memory: 2436K
[    0.740986] Write protecting the kernel read-only data: 20480k
[    0.743751] Freeing unused kernel image memory: 2008K
[    0.745471] Freeing unused kernel image memory: 1884K
[    0.750782] x86/mm: Checked W+X mappings: passed, no W+X pages found.
[    0.751902] x86/mm: Checking user space page tables
[    0.756832] x86/mm: Checked W+X mappings: passed, no W+X pages found.
Loading, please wait...
starting version 237
[    0.807970] e1000: Intel(R) PRO/1000 Network Driver - version 7.3.21-k8-NAPI
[    0.809560] e1000: Copyright (c) 1999-2006 Intel Corporation.
[    0.813625] Fusion MPT base driver 3.04.20
[    0.814403] Copyright (c) 1999-2008 LSI Corporation
[    0.826079] Fusion MPT SPI Host driver 3.04.20
[    0.828833] AVX2 version of gcm_enc/dec engaged.
[    0.829883] AES CTR mode by8 optimization enabled
[    1.022784] input: ImExPS/2 Generic Explorer Mouse as /devices/platform/i8042/serio1/input/input4
[    1.188745] e1000 0000:00:03.0 eth0: (PCI:33MHz:32-bit) 02:18:28:f7:cd:3b
[    1.190150] e1000 0000:00:03.0 eth0: Intel(R) PRO/1000 Network Connection
[    1.192254] mptbase: ioc0: Initiating bringup
[    1.193818] e1000 0000:00:03.0 enp0s3: renamed from eth0
[    1.588572] ioc0: LSI53C1030 A0: Capabilities={Initiator}
[    2.630907] scsi host2: ioc0: LSI53C1030 A0, FwRev=00000000h, Ports=1, MaxQ=256, IRQ=20
[    2.988378] scsi 2:0:0:0: Direct-Access     VBOX     HARDDISK         1.0  PQ: 0 ANSI: 5
[    3.020387] scsi target2:0:0: Beginning Domain Validation
[    3.025002] scsi target2:0:0: Domain Validation skipping write tests
[    3.026287] scsi target2:0:0: Ending Domain Validation
[    3.027290] scsi target2:0:0: asynchronous
[    3.028547] scsi 2:0:1:0: Direct-Access     VBOX     HARDDISK         1.0  PQ: 0 ANSI: 5
[    3.060433] scsi target2:0:1: Beginning Domain Validation
[    3.064523] random: fast init done
[    3.065325] scsi target2:0:1: Domain Validation skipping write tests
[    3.066642] scsi target2:0:1: Ending Domain Validation
[    3.067526] scsi target2:0:1: asynchronous
[    3.071453] random: systemd-udevd: uninitialized urandom read (16 bytes read)
[    3.071505] sd 2:0:0:0: Attached scsi generic sg0 type 0
[    3.072669] random: systemd-udevd: uninitialized urandom read (16 bytes read)
[    3.073569] sd 2:0:1:0: Attached scsi generic sg1 type 0
[    3.074612] random: systemd-udevd: uninitialized urandom read (16 bytes read)
[    3.076637] sd 2:0:0:0: [sda] 20971520 512-byte logical blocks: (10.7 GB/10.0 GiB)
[    3.078058] sd 2:0:0:0: [sda] Write Protect is off
[    3.078065] sd 2:0:1:0: [sdb] 20480 512-byte logical blocks: (10.5 MB/10.0 MiB)
[    3.080169] sd 2:0:1:0: [sdb] Write Protect is off
[    3.080233] sd 2:0:0:0: [sda] Incomplete mode parameter data
[    3.082423] sd 2:0:0:0: [sda] Assuming drive cache: write through
[    3.083532] sd 2:0:1:0: [sdb] Incomplete mode parameter data
[    3.084809] sd 2:0:1:0: [sdb] Assuming drive cache: write through
[    3.087424]  sda: sda1
[    3.088478] sd 2:0:0:0: [sda] Attached SCSI disk
[    3.089298] sd 2:0:1:0: [sdb] Attached SCSI disk
Begin: Loading essential drivers ... [    4.428032] raid6: sse2x1   gen() 13808 MB/s
[    4.476269] raid6: sse2x1   xor() 10230 MB/s
[    4.524274] raid6: sse2x2   gen() 17491 MB/s
[    4.572284] raid6: sse2x2   xor() 11798 MB/s
[    4.620023] raid6: sse2x4   gen() 20093 MB/s
[    4.668109] raid6: sse2x4   xor() 12250 MB/s
[    4.716185] raid6: avx2x1   gen() 27683 MB/s
[    4.764221] raid6: avx2x1   xor() 19655 MB/s
[    4.812008] raid6: avx2x2   gen() 34361 MB/s
[    4.860215] raid6: avx2x2   xor() 21539 MB/s
[    4.908129] raid6: avx2x4   gen() 39405 MB/s
[    4.956534] raid6: avx2x4   xor() 23522 MB/s
[    4.957498] raid6: using algorithm avx2x4 gen() 39405 MB/s
[    4.958435] raid6: .... xor() 23522 MB/s, rmw enabled
[    4.959207] raid6: using avx2x2 recovery algorithm
[    4.961064] xor: automatically using best checksumming function   avx       
[    4.964084] async_tx: api initialized (async)
done.
Begin: Running /scripts/init-premount ... done.
Begin: Mounting root file system ... Begin: Running /scripts/local-top ... done.
Begin: Running /scripts/local-premount ... [    4.999291] Btrfs loaded, crc32c=crc32c-intel
Scanning for Btrfs filesystems
done.
Warning: fsck not present, so skipping root file system
[    5.016471] EXT4-fs (sda1): mounted filesystem with ordered data mode. Opts: (null)
done.
Begin: Running /scripts/local-bottom ... done.
Begin: Running /scripts/init-bottom ... done.
[    5.105845] ip_tables: (C) 2000-2006 Netfilter Core Team
[    5.110203] systemd[1]: systemd 237 running in system mode. (+PAM +AUDIT +SELINUX +IMA +APPARMOR +SMACK +SYSVINIT +UTMP +LIBCRYPTSETUP +GCRYPT +GNUTLS +ACL +XZ +LZ4 +SECCOMP +BLKID +ELFUTILS +KMOD -IDN2 +IDN -PCRE2 default-hierarchy=hybrid)
[    5.113642] systemd[1]: Detected virtualization oracle.
[    5.114478] systemd[1]: Detected architecture x86-64.

Welcome to [1mUbuntu 18.04.3 LTS[0m!

[    5.120403] systemd[1]: Set hostname to <ubuntu>.
[    5.122942] systemd[1]: Initializing machine ID from random generator.
[    5.123991] systemd[1]: Installed transient /etc/machine-id file.
[    5.269611] systemd[1]: Created slice User and Session Slice.
[[0;32m  OK  [0m] Created slice User and Session Slice.
[    5.271411] systemd[1]: Started Forward Password Requests to Wall Directory Watch.
[[0;32m  OK  [0m] Started Forward Password Requests to Wall Directory Watch.
[    5.273752] systemd[1]: Reached target User and Group Name Lookups.
[[0;32m  OK  [0m] Reached target User and Group Name Lookups.
[    5.275817] systemd[1]: Created slice System Slice.
[[0;32m  OK  [0m] Created slice System Slice.
[[0;32m  OK  [0m] Created slice system-serial\x2dgetty.slice.
[[0;32m  OK  [0m] Listening on Syslog Socket.
[[0;32m  OK  [0m] Listening on LVM2 metadata daemon socket.
[[0;32m  OK  [0m] Reached target Slices.
[[0;32m  OK  [0m] Listening on /dev/initctl Compatibility Named Pipe.
[[0;32m  OK  [0m] Listening on Journal Socket (/dev/log).
[[0;32m  OK  [0m] Listening on udev Control Socket.
[[0;32m  OK  [0m] Listening on Device-mapper event daemon FIFOs.
[[0;32m  OK  [0m] Reached target System Time Synchronized.
[[0;32m  OK  [0m] Set up automount Arbitrary Executabâ€¦rmats File System Automount Point.
[[0;32m  OK  [0m] Listening on Journal Socket.
         Starting Load Kernel Modules...
         Starting Uncomplicated firewall...
         Mounting POSIX Message Queue File System...
         Starting Monitoring of LVM2 mirrorsâ€¦ng dmeventd or progress polling...
         Mounting Kernel Debug File System...
         Mounting Huge Pages File System...
         Starting Create list of required stâ€¦ce nodes for the current kernel...
[[0;32m  OK  [0m] Listening on LVM2 poll daemon socket.
[[0;32m  OK  [0m] Listening on Journal Audit Socket.
         Starting Journal Service...
         Starting Remount Root and Kernel File Systems...
         Starting Set the console keyboard layout...
[[0;32m  OK  [0m] Listening on Network Service Netlink Socket.
[[0;32m  OK  [0m] Reached target Swap.
[[0;32m  OK  [0m] Listening on udev Kernel Socket.
         Starting udev Coldplug all Devices...
[    5.310790] Loading iSCSI transport class v2.0-870.
[    5.316451] iscsi: registered transport (tcp)
[    5.326791] iscsi: registered transport (iser)
[[0;32m  OK  [0m] Started Load Kernel Modules.
[[0;32m  OK  [0m] Started Uncomplicated firewall.
[[0;32m  OK  [0m] Started LVM2 metadata daemon.
         Mounting FUSE Control File System...
         Mounting Kernel Configuration File System...
         Starting Apply Kernel Variables...
[[0;32m  OK  [0m] Started Create list of required staâ€¦vice nodes for the current kernel.
         Starting Create Static Device Nodes in /dev...
[[0;32m  OK  [0m] Mounted Kernel Debug File System.
[[0;32m  OK  [0m] Started Journal Service.
[[0;32m  OK  [0m] Mounted POSIX Message Queue File System.
[[0;32m  OK  [0m] Mounted Huge Pages File System.
[[0;32m  OK  [0m] Mounted FUSE Control File System.
[[0;32m  OK  [0m] Mounted Kernel Configuration File System.
[[0;32m  OK  [0m] Started Create Static Device Nodes in /dev.
[[0;32m  OK  [0m] Started udev Coldplug all Devices.
[[0;32m  OK  [0m] Started Remount Root and Kernel File Systems.
[[0;32m  OK  [0m] Started Monitoring of LVM2 mirrors,â€¦sing dmeventd or progress polling.
[[0;32m  OK  [0m] Started Apply Kernel Variables.
         Starting Load/Save Random Seed...
         Starting udev Kernel Device Manager...
         Starting Flush Journal to Persistent Storage...
[[0;32m  OK  [0m] Started Load/Save Random Seed.
[[0;32m  OK  [0m] Started udev Kernel Device Manager.
[[0;32m  OK  [0m] Started Flush Journal to Persistent Storage.
[[0;32m  OK  [0m] Found device /dev/ttyS0.
[[0;32m  OK  [0m] Listening on Load/Save RF Kill Switch Status /dev/rfkill Watch.
[[0;32m  OK  [0m] Started Set the console keyboard layout.
[[0;32m  OK  [0m] Started Dispatch Password Requests to Console Directory Watch.
[[0;32m  OK  [0m] Reached target Local Encrypted Volumes.
[[0;32m  OK  [0m] Reached target Local File Systems (Pre).
[[0;32m  OK  [0m] Reached target Local File Systems.
         Starting Commit a transient machine-id on disk...
         Starting ebtables ruleset management...
         Starting Create Volatile Files and Directories...
         Starting AppArmor initialization...
         Starting Tell Plymouth To Write Out Runtime Data...
         Starting Set console font and keymap...
[[0;32m  OK  [0m] Started Tell Plymouth To Write Out Runtime Data.
[[0;32m  OK  [0m] Started Create Volatile Files and Directories.
[[0;32m  OK  [0m] Started Set console font and keymap.
         Starting Update UTMP about System Boot/Shutdown...
[[0;32m  OK  [0m] Started Commit a transient machine-id on disk.
[[0;32m  OK  [0m] Started Update UTMP about System Boot/Shutdown.
[[0;32m  OK  [0m] Started ebtables ruleset management.
[[0;32m  OK  [0m] Started AppArmor initialization.
         Starting Initial cloud-init job (pre-networking)...
[    7.205208] cloud-init[681]: Cloud-init v. 19.2-36-g059d049c-0ubuntu2~18.04.1 running 'init-local' at Tue, 12 Nov 2019 11:11:41 +0000. Up 6.95 seconds.
[[0;32m  OK  [0m] Started Initial cloud-init job (pre-networking).
[[0;32m  OK  [0m] Reached target Network (Pre).
         Starting Network Service...
[[0;32m  OK  [0m] Started Network Service.
         Starting Network Name Resolution...
         Starting Wait for Network to be Configured...
[[0;32m  OK  [0m] Started Network Name Resolution.
[[0;32m  OK  [0m] Reached target Host and Network Name Lookups.
[[0;32m  OK  [0m] Reached target Network.
[[0;32m  OK  [0m] Started Wait for Network to be Configured.
         Starting Initial cloud-init job (metadata service crawler)...
[    9.464888] cloud-init[785]: Cloud-init v. 19.2-36-g059d049c-0ubuntu2~18.04.1 running 'init' at Tue, 12 Nov 2019 11:11:44 +0000. Up 9.37 seconds.
[    9.466594] cloud-init[785]: ci-info: ++++++++++++++++++++++++++++++++++++++Net device info++++++++++++++++++++++++++++++++++++++
[    9.476658] cloud-init[785]: ci-info: +--------+------+----------------------------+---------------+--------+-------------------+
[    9.492308] cloud-init[785]: ci-info: | Device |  Up  |          Address           |      Mask     | Scope  |     Hw-Address    |
[    9.493356] cloud-init[785]: ci-info: +--------+------+----------------------------+---------------+--------+-------------------+
[    9.508147] cloud-init[785]: ci-info: | enp0s3 | True |         10.0.2.15          | 255.255.255.0 | global | 02:18:28:f7:cd:3b |
[    9.509241] cloud-init[785]: ci-info: | enp0s3 | True | fe80::18:28ff:fef7:cd3b/64 |       .       |  link  | 02:18:28:f7:cd:3b |
[    9.510765] cloud-init[785]: ci-info: |   lo   | True |         127.0.0.1          |   255.0.0.0   |  host  |         .         |
[    9.512033] cloud-init[785]: ci-info: |   lo   | True |          ::1/128           |       .       |  host  |         .         |
[    9.524222] cloud-init[785]: ci-info: +--------+------+----------------------------+---------------+--------+-------------------+
[    9.536202] cloud-init[785]: ci-info: ++++++++++++++++++++++++++++Route IPv4 info+++++++++++++++++++++++++++++
[    9.552514] cloud-init[785]: ci-info: +-------+-------------+----------+-----------------+-----------+-------+
[    9.568359] cloud-init[785]: ci-info: | Route | Destination | Gateway  |     Genmask     | Interface | Flags |
[    9.580375] cloud-init[785]: ci-info: +-------+-------------+----------+-----------------+-----------+-------+
[    9.581291] cloud-init[785]: ci-info: |   0   |   0.0.0.0   | 10.0.2.2 |     0.0.0.0     |   enp0s3  |   UG  |
[    9.582200] cloud-init[785]: ci-info: |   1   |   10.0.2.0  | 0.0.0.0  |  255.255.255.0  |   enp0s3  |   U   |
[    9.592164] cloud-init[785]: ci-info: |   2   |   10.0.2.2  | 0.0.0.0  | 255.255.255.255 |   enp0s3  |   UH  |
[    9.593561] cloud-init[785]: ci-info: +-------+-------------+----------+-----------------+-----------+-------+
[    9.594915] cloud-init[785]: ci-info: +++++++++++++++++++Route IPv6 info+++++++++++++++++++
[    9.596112] cloud-init[785]: ci-info: +-------+-------------+---------+-----------+-------+
[    9.597266] cloud-init[785]: ci-info: | Route | Destination | Gateway | Interface | Flags |
[    9.598430] cloud-init[785]: ci-info: +-------+-------------+---------+-----------+-------+
[    9.599580] cloud-init[785]: ci-info: |   1   |  fe80::/64  |    ::   |   enp0s3  |   U   |
[    9.600756] cloud-init[785]: ci-info: |   3   |    local    |    ::   |   enp0s3  |   U   |
[    9.601919] cloud-init[785]: ci-info: |   4   |   ff00::/8  |    ::   |   enp0s3  |   U   |
[    9.602973] cloud-init[785]: ci-info: +-------+-------------+---------+-----------+-------+
[    9.993632] cloud-init[785]: Generating public/private rsa key pair.
[   10.004690] cloud-init[785]: Your identification has been saved in /etc/ssh/ssh_host_rsa_key.
[   10.005537] cloud-init[785]: Your public key has been saved in /etc/ssh/ssh_host_rsa_key.pub.
[   10.006419] cloud-init[785]: The key fingerprint is:
[   10.006875] cloud-init[785]: SHA256:1PeDrUR6bAFkj2wqH8iMJkEcNs2Ruw8+PsAuJhJBRRk root@ubuntu-bionic
[   10.016589] cloud-init[785]: The key's randomart image is:
[[0;32m  OK  [0m] Started Initial cloud-init job (metadata service crawler).
[[0;32m  OK  [0m] Reached target Cloud-config availability.
[[0;32m  OK  [0m] Reached target System Initialization.
[[0;32m  OK  [0m] Started Daily Cleanup of Temporary Directories.
[[0;32m  OK  [0m] Started Daily apt download activities.
[   10.035102] cloud-init[785]: +---[RSA 2048]----+
[[   10.061277] [0;32m  OK  [0mcloud-init] [785]: Listening on Open-iSCSI iscsid Socket.| .BE+o   .+      |

[   10.062123] cloud-init[785]: | +.o+    + +     |
[[0;32m  OK  [0m[   10.062600] ] cloud-initListening on D-Bus System Message Bus Socket.[785]: |. .  .  . = =    |

[   10.062656] cloud-init[785]: |.  ..+ o o = =   |
[   10.072787] cloud-init[785]: | o. o.= S . * +  |
[   10.072893] cloud-init[785]: |. ooo  o . + . . |
[[0;32m  OK  [0m] Started Discard unused blocks once a week.
[   10.073292] cloud-init[785]: | o o o  .   .    |
[   10.084817] cloud-init[785]: |+.. + .          |
[   10.096567] cloud-init[785]: |+. ..o           |
[   10.096651] cloud-init[785]: +----[SHA256]-----+
         Starting LXD - unix socket.
[   10.096720] cloud-init[785]: Generating public/private dsa key pair.
[   10.098476] cloud-init[785]: Your identification has been saved in /etc/ssh/ssh_host_dsa_key.
[[   10.098552] [0;32m  OK  [0mcloud-init] [785]: Your public key has been saved in /etc/ssh/ssh_host_dsa_key.pub.Started Daily apt upgrade and clean activities.

[   10.098613] cloud-init[785]: The key fingerprint is:
[[   10.112620] [0;32m  OK  [0mcloud-init[785]: SHA256:n9sITKcypzazo3TAdVqpOSeTZMVcAwjhleTg2zTNG1o root@ubuntu-bionic
] Listening on UUID daemon activation socket.
[   10.112733] cloud-init[785]: The key's randomart image is:
[[0;32m  OK  [0m] [   10.125217] Listening on ACPID Listen Socket.
cloud-init[785]: +---[DSA 1024]----+
[   10.126092] cloud-init[785]: |    ++o=ooo      |
[   10.136418] cloud-init[785]: |   o +o+o. .     |
[[   10.136493] [0;32m  OK  [0mcloud-init] [785]: Started ACPI Events Check.|    o B E        |

[[0;32m  OK  [0m[   10.137754] ] cloud-initReached target Paths.[785]: 
|   . B @ o       |
[   10.138702] cloud-init[785]: |    + @ S .      |
[   10.139243] cloud-init[785]: |     . B + .     |
[   10.139877] cloud-init[785]: |    . + = o      |
[   10.140523] cloud-init[785]: |   . .== . +     |
[   10.141147] cloud-init[785]: |    .oo=  o .    |
[   10.141769] cloud-init[785]: +----[SHA256]-----+
[   10.142394] cloud-init[785]: Generating public/private ecdsa key pair.
         Starting Socket activation for snappy daemon.[   10.143703] cloud-init[785]: Your identification has been saved in /etc/ssh/ssh_host_ecdsa_key.
[   10.143971] cloud-init[785]: Your public key has been saved in /etc/ssh/ssh_host_ecdsa_key.pub.
[   10.144457] cloud-init[785]: The key fingerprint is:
[   10.144921] cloud-init[785]: SHA256:xHv8oEnnTbKWlQcEbEfsv6l4n7li6poQ0ib2Ti1LR18 root@ubuntu-bionic
[   10.145394] cloud-init[785]: The key's randomart image is:
[   10.145862] cloud-init[785]: +---[ECDSA 256]---+
[   10.146043] cloud-init[785]: |         ..+o    |

[   10.146286] cloud-init[785]: |       .  o.o    |
[   10.160648] cloud-init[785]: |        o. o.    |
[[0;32m  OK  [0m] Started Message of the Day.
[   10.161618] cloud-init[785]: |     . . o  .o   |
[[   10.162456] cloud-init[785]: |    + + S * E..  |
[   10.162537] cloud-init[785]: |   . = = B @ ..  |
[   10.163077] cloud-init[785]: |      * = * o  o |
[   10.163597] cloud-init[785]: |     + = o .+ oo |
[   10.164314] cloud-init[785]: |      o oo++.+=. |
[   10.164786] cloud-init[785]: +----[SHA256]-----+
[   10.165267] cloud-init[785]: Generating public/private ed25519 key pair.
[   10.165751] cloud-init[785]: Your identification has been saved in /etc/ssh/ssh_host_ed25519_key.
[   10.166254] cloud-init[785]: Your public key has been saved in /etc/ssh/ssh_host_ed25519_key.pub.
[   10.166895] cloud-init[785]: The key fingerprint is:
[   10.167364] cloud-init[785]: SHA256:ylJQiuZacicFAAV4G6n7gkWLd66yVK2I4oOE9G5Phzk root@ubuntu-bionic
[   10.167850] cloud-init[785]: The key's randomart image is:
[   10.168497] cloud-init[785]: +--[ED25519 256]--+
[   10.168990] cloud-init[785]: |*+o.  .          |
[   10.169453] cloud-init[785]: |. +o o           |
[   10.169937] cloud-init[785]: | ooo+            |
[   10.170423] cloud-init[785]: |.+o...           |
[   10.170894] cloud-init[785]: |++*o... S        |
[   10.171377] cloud-init[785]: |=**+ooo.         |
[   10.171851] cloud-init[785]: |B*.+.Eo.         |
[   10.172508] cloud-init[785]: |O..oo.o          |
[   10.173014] cloud-init[785]: |.=+...           |
[   10.173465] cloud-init[785]: +----[SHA256]-----+
[0;32m  OK  [0m] Reached target Timers.
[[0;32m  OK  [0m] Reached target Network is Online.
         Starting Availability of block devices...
[[0;32m  OK  [0m] Reached target Remote File Systems (Pre).
[[0;32m  OK  [0m] Reached target Remote File Systems.
[[0;32m  OK  [0m] Listening on LXD - unix socket.
[[0;32m  OK  [0m] Listening on Socket activation for snappy daemon.
[[0;32m  OK  [0m] Started Availability of block devices.
[[0;32m  OK  [0m] Reached target Sockets.
[[0;32m  OK  [0m] Reached target Basic System.
         Starting LSB: Record successful boot for GRUB...
[[0;32m  OK  [0m] Started FUSE filesystem for LXC.
         Starting Login Service...
         Starting System Logging Service...
[[0;32m  OK  [0m] Started D-Bus System Message Bus.
         Starting LXD - container startup/shutdown...
[[0;32m  OK  [0m] Started Regular background program processing daemon.
         Starting Permit User Sessions...
[[0;32m  OK  [0m] Started Deferred execution scheduler.
         Starting Virtualbox guest utils...
         Starting Pollinate to seed the pseudo random number generator...
         Starting Snappy daemon...
         Starting LSB: automatic crash report generation...
         Starting Accounts Service...
[[0;32m  OK  [0m] Started irqbalance daemon.
         Starting Dispatcher daemon for systemd-networkd...
[[0;32m  OK  [0m] Started System Logging Service.
[[0;32m  OK  [0m] Started LXD - container startup/shutdown.
[[0;32m  OK  [0m] Started Permit User Sessions.
[[0;32m  OK  [0m] Started Login Service.
         Starting Authorization Manager...
[[0;32m  OK  [0m] Started Unattended Upgrades Shutdown.
         Starting Hold until boot process finishes up...
         Starting Terminate Plymouth Boot Screen...
[[0;32m  OK  [0m] Started Hold until boot process finishes up.
[[0;32m  OK  [0m] Started Terminate Plymouth Boot Screen.
[[0;32m  OK  [0m] Started Serial Getty on ttyS0.
         Starting Set console scheme...
[[0;32m  OK  [0m] Started LSB: automatic crash report generation.
[[0;32m  OK  [0m] Started Authorization Manager.
[[0;32m  OK  [0m] Started Accounts Service.
[[0;32m  OK  [0m] Started LSB: Record successful boot for GRUB.
[[0;32m  OK  [0m] Started Set console scheme.
[[0;32m  OK  [0m] Created slice system-getty.slice.
[[0;32m  OK  [0m] Started Getty on tty1.
[[0;32m  OK  [0m] Reached target Login Prompts.
[[0;32m  OK  [0m] Started Virtualbox guest utils.
[[0;32m  OK  [0m] Started Dispatcher daemon for systemd-networkd.
[[0;32m  OK  [0m] Started Snappy daemon.
         Starting Wait until snapd is fully seeded...
[[0;32m  OK  [0m] Started Pollinate to seed the pseudo random number generator.
         Starting OpenBSD Secure Shell server...
[[0;32m  OK  [0m] Started OpenBSD Secure Shell server.
[[0;32m  OK  [0m] Created slice User Slice of vagrant.
         Starting User Manager for UID 1000...
[[0;32m  OK  [0m] Started Session 1 of user vagrant.
[[0;32m  OK  [0m] Started User Manager for UID 1000.
[[0;32m  OK  [0m] Started Wait until snapd is fully seeded.
[[0;32m  OK  [0m] Reached target Multi-User System.
[[0;32m  OK  [0m] Reached target Graphical Interface.
         Starting Update UTMP about System Runlevel Changes...
         Starting Apply the settings specified in cloud-config...
[[0;32m  OK  [0m] Started Update UTMP about System Runlevel Changes.
         Stopping User Manager for UID 1000...
[[0;32m  OK  [0m] Stopped User Manager for UID 1000.
[[0;32m  OK  [0m] Removed slice User Slice of vagrant.
[   14.047817] cloud-init[1559]: Cloud-init v. 19.2-36-g059d049c-0ubuntu2~18.04.1 running 'modules:config' at Tue, 12 Nov 2019 11:11:48 +0000. Up 13.77 seconds.
[[0;32m  OK  [0m] Created slice User Slice of vagrant.
         Starting User Manager for UID 1000...
[[0;32m  OK  [0m] Started Apply the settings specified in cloud-config.
[[0;32m  OK  [0m] Started User Manager for UID 1000.
[[0;32m  OK  [0m] Started Session 3 of user vagrant.
         Starting Execute cloud user/final scripts...
ci-info: no authorized ssh keys fingerprints found for user ubuntu.
<14>Nov 12 11:11:49 ec2: 
<14>Nov 12 11:11:49 ec2: #############################################################
<14>Nov 12 11:11:49 ec2: -----BEGIN SSH HOST KEY FINGERPRINTS-----
<14>Nov 12 11:11:49 ec2: 1024 SHA256:n9sITKcypzazo3TAdVqpOSeTZMVcAwjhleTg2zTNG1o root@ubuntu-bionic (DSA)
<14>Nov 12 11:11:49 ec2: 256 SHA256:xHv8oEnnTbKWlQcEbEfsv6l4n7li6poQ0ib2Ti1LR18 root@ubuntu-bionic (ECDSA)
<14>Nov 12 11:11:49 ec2: 256 SHA256:ylJQiuZacicFAAV4G6n7gkWLd66yVK2I4oOE9G5Phzk root@ubuntu-bionic (ED25519)
<14>Nov 12 11:11:49 ec2: 2048 SHA256:1PeDrUR6bAFkj2wqH8iMJkEcNs2Ruw8+PsAuJhJBRRk root@ubuntu-bionic (RSA)
<14>Nov 12 11:11:49 ec2: -----END SSH HOST KEY FINGERPRINTS-----
<14>Nov 12 11:11:49 ec2: #############################################################
-----BEGIN SSH HOST KEY KEYS-----
ecdsa-sha2-nistp256 AAAAE2VjZHNhLXNoYTItbmlzdHAyNTYAAAAIbmlzdHAyNTYAAABBBH/g3Bg7FIne27/9KaWzFsfJXjzjEJziHSOwhR1tY3pCs+vBipqbUt9TbrJg95X1cNfHym1nZvHVBdjSmayOuJU= root@ubuntu-bionic
ssh-ed25519 AAAAC3NzaC1lZDI1NTE5AAAAIB+11Of05kqcAHVW+N+RSm3oZvMgZ8TkG55csrYDS1OE root@ubuntu-bionic
ssh-rsa AAAAB3NzaC1yc2EAAAADAQABAAABAQCe+YY3xULBHhpSljaG6Iu38HYI/DMPju4eI2QGfsR7kLiQ4tPZfYmwKTb70cyocyL8JYdJxE1hxjZZYeM9nyBuOaMk5kw/43JnANmGB9BvfURnvsh+pOYeZJCpgjcxzuKBqPu8LrsU3lzUBgHfFs52VAW3K5Hw7VxASfBaP5yYy9I3YjEJsUVzCxeK0tRs7ZVgsndiq/XFaHuLz+cgjEiJhdm6O7Vu4awpqPtOjEaYMDdw6+ZvT15s/UwhsVO15AYUX4Gu7nnrso9ndp5xPD4Apxuc0IUyCVRdBvBiYZ7RHC8TdwenM9gnlXeWcV2THaYK1JOP8FIoOlXnmgcY/qxD root@ubuntu-bionic
-----END SSH HOST KEY KEYS-----
[   14.491950] cloud-init[1759]: Cloud-init v. 19.2-36-g059d049c-0ubuntu2~18.04.1 running 'modules:final' at Tue, 12 Nov 2019 11:11:49 +0000. Up 14.37 seconds.
[   14.493398] cloud-init[1759]: ci-info: no authorized ssh keys fingerprints found for user ubuntu.
[   14.494039] cloud-init[1759]: Cloud-init v. 19.2-36-g059d049c-0ubuntu2~18.04.1 finished at Tue, 12 Nov 2019 11:11:49 +0000. Datasource DataSourceNoCloud [seed=/dev/sdb][dsmode=net].  Up 14.48 seconds
[[0;32m  OK  [0m] Started Execute cloud user/final scripts.
[[0;32m  OK  [0m] Reached target Cloud-init target.

Ubuntu 18.04.3 LTS ubuntu-bionic ttyS0

ubuntu-bionic login: 