[    0.000000] Linux version 4.15.0-66-generic (buildd@lgw01-amd64-044) (gcc version 7.4.0 (Ubuntu 7.4.0-1ubuntu1~18.04.1)) #75-Ubuntu SMP Tue Oct 1 05:24:09 UTC 2019 (Ubuntu 4.15.0-66.75-generic 4.15.18)
[    0.000000] Command line: BOOT_IMAGE=/boot/vmlinuz-4.15.0-66-generic root=LABEL=cloudimg-rootfs ro console=tty1 console=ttyS0
[    0.000000] KERNEL supported cpus:
[    0.000000]   Intel GenuineIntel
[    0.000000]   AMD AuthenticAMD
[    0.000000]   Centaur CentaurHauls
[    0.000000] x86/fpu: Supporting XSAVE feature 0x001: 'x87 floating point registers'
[    0.000000] x86/fpu: Supporting XSAVE feature 0x002: 'SSE registers'
[    0.000000] x86/fpu: Supporting XSAVE feature 0x004: 'AVX registers'
[    0.000000] x86/fpu: xstate_offset[2]:  576, xstate_sizes[2]:  256
[    0.000000] x86/fpu: Enabled xstate features 0x7, context size is 832 bytes, using 'standard' format.
[    0.000000] e820: BIOS-provided physical RAM map:
[    0.000000] BIOS-e820: [mem 0x0000000000000000-0x000000000009fbff] usable
[    0.000000] BIOS-e820: [mem 0x000000000009fc00-0x000000000009ffff] reserved
[    0.000000] BIOS-e820: [mem 0x00000000000f0000-0x00000000000fffff] reserved
[    0.000000] BIOS-e820: [mem 0x0000000000100000-0x000000007ffeffff] usable
[    0.000000] BIOS-e820: [mem 0x000000007fff0000-0x000000007fffffff] ACPI data
[    0.000000] BIOS-e820: [mem 0x00000000fec00000-0x00000000fec00fff] reserved
[    0.000000] BIOS-e820: [mem 0x00000000fee00000-0x00000000fee00fff] reserved
[    0.000000] BIOS-e820: [mem 0x00000000fffc0000-0x00000000ffffffff] reserved
[    0.000000] NX (Execute Disable) protection: active
[    0.000000] SMBIOS 2.5 present.
[    0.000000] DMI: innotek GmbH VirtualBox/VirtualBox, BIOS VirtualBox 12/01/2006
[    0.000000] Hypervisor detected: KVM
[    0.000000] e820: last_pfn = 0x7fff0 max_arch_pfn = 0x400000000
[    0.000000] MTRR: Disabled
[    0.000000] x86/PAT: MTRRs disabled, skipping PAT initialization too.
[    0.000000] CPU MTRRs all blank - virtualized system.
[    0.000000] x86/PAT: Configuration [0-7]: WB  WT  UC- UC  WB  WT  UC- UC  
[    0.000000] found SMP MP-table at [mem 0x0009fff0-0x0009ffff]
[    0.000000] Scanning 1 areas for low memory corruption
[    0.000000] RAMDISK: [mem 0x35a89000-0x36d3bfff]
[    0.000000] ACPI: Early table checksum verification disabled
[    0.000000] ACPI: RSDP 0x00000000000E0000 000024 (v02 VBOX  )
[    0.000000] ACPI: XSDT 0x000000007FFF0030 00003C (v01 VBOX   VBOXXSDT 00000001 ASL  00000061)
[    0.000000] ACPI: FACP 0x000000007FFF00F0 0000F4 (v04 VBOX   VBOXFACP 00000001 ASL  00000061)
[    0.000000] ACPI: DSDT 0x000000007FFF0470 0022EA (v02 VBOX   VBOXBIOS 00000002 INTL 20100528)
[    0.000000] ACPI: FACS 0x000000007FFF0200 000040
[    0.000000] ACPI: FACS 0x000000007FFF0200 000040
[    0.000000] ACPI: APIC 0x000000007FFF0240 00005C (v02 VBOX   VBOXAPIC 00000001 ASL  00000061)
[    0.000000] ACPI: SSDT 0x000000007FFF02A0 0001CC (v01 VBOX   VBOXCPUT 00000002 INTL 20100528)
[    0.000000] No NUMA configuration found
[    0.000000] Faking a node at [mem 0x0000000000000000-0x000000007ffeffff]
[    0.000000] NODE_DATA(0) allocated [mem 0x7ffc5000-0x7ffeffff]
[    0.000000] kvm-clock: cpu 0, msr 0:7ff44001, primary cpu clock
[    0.000000] kvm-clock: Using msrs 4b564d01 and 4b564d00
[    0.000000] kvm-clock: using sched offset of 3317791396 cycles
[    0.000000] clocksource: kvm-clock: mask: 0xffffffffffffffff max_cycles: 0x1cd42e4dffb, max_idle_ns: 881590591483 ns
[    0.000000] Zone ranges:
[    0.000000]   DMA      [mem 0x0000000000001000-0x0000000000ffffff]
[    0.000000]   DMA32    [mem 0x0000000001000000-0x000000007ffeffff]
[    0.000000]   Normal   empty
[    0.000000]   Device   empty
[    0.000000] Movable zone start for each node
[    0.000000] Early memory node ranges
[    0.000000]   node   0: [mem 0x0000000000001000-0x000000000009efff]
[    0.000000]   node   0: [mem 0x0000000000100000-0x000000007ffeffff]
[    0.000000] Reserved but unavailable: 98 pages
[    0.000000] Initmem setup node 0 [mem 0x0000000000001000-0x000000007ffeffff]
[    0.000000] ACPI: PM-Timer IO Port: 0x4008
[    0.000000] IOAPIC[0]: apic_id 2, version 32, address 0xfec00000, GSI 0-23
[    0.000000] ACPI: INT_SRC_OVR (bus 0 bus_irq 0 global_irq 2 dfl dfl)
[    0.000000] ACPI: INT_SRC_OVR (bus 0 bus_irq 9 global_irq 9 low level)
[    0.000000] Using ACPI (MADT) for SMP configuration information
[    0.000000] smpboot: Allowing 2 CPUs, 0 hotplug CPUs
[    0.000000] PM: Registered nosave memory: [mem 0x00000000-0x00000fff]
[    0.000000] PM: Registered nosave memory: [mem 0x0009f000-0x0009ffff]
[    0.000000] PM: Registered nosave memory: [mem 0x000a0000-0x000effff]
[    0.000000] PM: Registered nosave memory: [mem 0x000f0000-0x000fffff]
[    0.000000] e820: [mem 0x80000000-0xfebfffff] available for PCI devices
[    0.000000] Booting paravirtualized kernel on KVM
[    0.000000] clocksource: refined-jiffies: mask: 0xffffffff max_cycles: 0xffffffff, max_idle_ns: 7645519600211568 ns
[    0.000000] random: get_random_bytes called from start_kernel+0x99/0x4fd with crng_init=0
[    0.000000] setup_percpu: NR_CPUS:8192 nr_cpumask_bits:2 nr_cpu_ids:2 nr_node_ids:1
[    0.000000] percpu: Embedded 46 pages/cpu s151552 r8192 d28672 u1048576
[    0.000000] PV qspinlock hash table entries: 256 (order: 0, 4096 bytes)
[    0.000000] Built 1 zonelists, mobility grouping on.  Total pages: 515961
[    0.000000] Policy zone: DMA32
[    0.000000] Kernel command line: BOOT_IMAGE=/boot/vmlinuz-4.15.0-66-generic root=LABEL=cloudimg-rootfs ro console=tty1 console=ttyS0
[    0.000000] Memory: 2015624K/2096696K available (12300K kernel code, 2481K rwdata, 4260K rodata, 2436K init, 2388K bss, 81072K reserved, 0K cma-reserved)
[    0.000000] SLUB: HWalign=64, Order=0-3, MinObjects=0, CPUs=2, Nodes=1
[    0.000000] Kernel/User page tables isolation: enabled
[    0.000000] ftrace: allocating 39306 entries in 154 pages
[    0.004000] Hierarchical RCU implementation.
[    0.004000] 	RCU restricting CPUs from NR_CPUS=8192 to nr_cpu_ids=2.
[    0.004000] 	Tasks RCU enabled.
[    0.004000] RCU: Adjusting geometry for rcu_fanout_leaf=16, nr_cpu_ids=2
[    0.004000] NR_IRQS: 524544, nr_irqs: 440, preallocated irqs: 16
[    0.004000] Console: colour VGA+ 80x25
[    0.004000] console [tty1] enabled
[    0.004000] console [ttyS0] enabled
[    0.004000] ACPI: Core revision 20170831
[    0.004000] ACPI: 2 ACPI AML tables successfully acquired and loaded
[    0.004000] APIC: Switch to symmetric I/O mode setup
[    0.004000] x2apic enabled
[    0.004000] Switched APIC routing to physical x2apic.
[    0.004000] ..TIMER: vector=0x30 apic1=0 pin1=2 apic2=-1 pin2=-1
[    0.004003] tsc: Detected 2999.998 MHz processor
[    0.004741] Calibrating delay loop (skipped) preset value.. 5999.99 BogoMIPS (lpj=11999992)
[    0.005328] pid_max: default: 32768 minimum: 301
[    0.006087] Security Framework initialized
[    0.006752] Yama: becoming mindful.
[    0.008016] AppArmor: AppArmor initialized
[    0.009832] Dentry cache hash table entries: 262144 (order: 9, 2097152 bytes)
[    0.011976] Inode-cache hash table entries: 131072 (order: 8, 1048576 bytes)
[    0.012011] Mount-cache hash table entries: 4096 (order: 3, 32768 bytes)
[    0.013054] Mountpoint-cache hash table entries: 4096 (order: 3, 32768 bytes)
[    0.016079] Last level iTLB entries: 4KB 128, 2MB 8, 4MB 8
[    0.016958] Last level dTLB entries: 4KB 64, 2MB 0, 4MB 0, 1GB 4
[    0.018099] Spectre V1 : Mitigation: usercopy/swapgs barriers and __user pointer sanitization
[    0.019437] Spectre V2 : Mitigation: Full generic retpoline
[    0.020001] Spectre V2 : Spectre v2 / SpectreRSB mitigation: Filling RSB on context switch
[    0.021301] Speculative Store Bypass: Vulnerable
[    0.022089] MDS: Mitigation: Clear CPU buffers
[    0.022931] Freeing SMP alternatives memory: 36K
[    0.132643] smpboot: CPU0: Intel(R) Core(TM) i5-8500 CPU @ 3.00GHz (family: 0x6, model: 0x9e, stepping: 0xa)
[    0.134544] Performance Events: unsupported p6 CPU model 158 no PMU driver, software events only.
[    0.136000] Hierarchical SRCU implementation.
[    0.136434] NMI watchdog: Perf event create on CPU 0 failed with -2
[    0.137532] NMI watchdog: Perf NMI watchdog permanently disabled
[    0.138583] smp: Bringing up secondary CPUs ...
[    0.140054] x86: Booting SMP configuration:
[    0.140804] .... node  #0, CPUs:      #1
[    0.004000] kvm-clock: cpu 1, msr 0:7ff44041, secondary cpu clock
[    0.144013] smp: Brought up 1 node, 2 CPUs
[    0.144861] smpboot: Max logical packages: 1
[    0.145624] smpboot: Total of 2 processors activated (11999.99 BogoMIPS)
[    0.148048] devtmpfs: initialized
[    0.148810] x86/mm: Memory block size: 128MB
[    0.149758] evm: security.selinux
[    0.150358] evm: security.SMACK64
[    0.151174] evm: security.SMACK64EXEC
[    0.151770] evm: security.SMACK64TRANSMUTE
[    0.152002] evm: security.SMACK64MMAP
[    0.152662] evm: security.apparmor
[    0.153223] evm: security.ima
[    0.153722] evm: security.capability
[    0.154331] clocksource: jiffies: mask: 0xffffffff max_cycles: 0xffffffff, max_idle_ns: 7645041785100000 ns
[    0.156005] futex hash table entries: 512 (order: 3, 32768 bytes)
[    0.157155] pinctrl core: initialized pinctrl subsystem
[    0.158065] RTC time: 11:17:49, date: 11/07/19
[    0.158869] NET: Registered protocol family 16
[    0.160052] audit: initializing netlink subsys (disabled)
[    0.161019] audit: type=2000 audit(1573125474.560:1): state=initialized audit_enabled=0 res=1
[    0.161570] cpuidle: using governor ladder
[    0.161570] cpuidle: using governor menu
[    0.164024] ACPI: bus type PCI registered
[    0.164695] acpiphp: ACPI Hot Plug PCI Controller Driver version: 0.5
[    0.165950] PCI: Using configuration type 1 for base access
[    0.168032] HugeTLB registered 2.00 MiB page size, pre-allocated 0 pages
[    0.169444] ACPI: Added _OSI(Module Device)
[    0.169444] ACPI: Added _OSI(Processor Device)
[    0.172002] ACPI: Added _OSI(3.0 _SCP Extensions)
[    0.172784] ACPI: Added _OSI(Processor Aggregator Device)
[    0.173613] ACPI: Added _OSI(Linux-Dell-Video)
[    0.174308] ACPI: Added _OSI(Linux-Lenovo-NV-HDMI-Audio)
[    0.175125] ACPI: Added _OSI(Linux-HPI-Hybrid-Graphics)
[    0.176289] ACPI: Executed 1 blocks of module-level executable AML code
[    0.180899] ACPI: Interpreter enabled
[    0.181777] ACPI: (supports S0 S5)
[    0.182449] ACPI: Using IOAPIC for interrupt routing
[    0.183572] PCI: Using host bridge windows from ACPI; if necessary, use "pci=nocrs" and report a bug
[    0.184153] ACPI: Enabled 2 GPEs in block 00 to 07
[    0.192185] ACPI: PCI Root Bridge [PCI0] (domain 0000 [bus 00-ff])
[    0.193423] acpi PNP0A03:00: _OSC: OS supports [ASPM ClockPM Segments MSI]
[    0.195052] acpi PNP0A03:00: _OSC: not requesting OS control; OS requires [ExtendedConfig ASPM ClockPM MSI]
[    0.196008] acpi PNP0A03:00: fail to add MMCONFIG information, can't access extended PCI configuration space under this bridge.
[    0.198781] PCI host bridge to bus 0000:00
[    0.199518] pci_bus 0000:00: root bus resource [io  0x0000-0x0cf7 window]
[    0.200003] pci_bus 0000:00: root bus resource [io  0x0d00-0xffff window]
[    0.201057] pci_bus 0000:00: root bus resource [mem 0x000a0000-0x000bffff window]
[    0.202245] pci_bus 0000:00: root bus resource [mem 0x80000000-0xfdffffff window]
[    0.204002] pci_bus 0000:00: root bus resource [bus 00-ff]
[    0.207019] pci 0000:00:01.1: legacy IDE quirk: reg 0x10: [io  0x01f0-0x01f7]
[    0.208003] pci 0000:00:01.1: legacy IDE quirk: reg 0x14: [io  0x03f6]
[    0.209030] pci 0000:00:01.1: legacy IDE quirk: reg 0x18: [io  0x0170-0x0177]
[    0.210127] pci 0000:00:01.1: legacy IDE quirk: reg 0x1c: [io  0x0376]
[    0.227897] pci 0000:00:07.0: quirk: [io  0x4000-0x403f] claimed by PIIX4 ACPI
[    0.228017] pci 0000:00:07.0: quirk: [io  0x4100-0x410f] claimed by PIIX4 SMB
[    0.236294] ACPI: PCI Interrupt Link [LNKA] (IRQs 5 9 10 *11)
[    0.237856] ACPI: PCI Interrupt Link [LNKB] (IRQs 5 9 *10 11)
[    0.238952] ACPI: PCI Interrupt Link [LNKC] (IRQs 5 *9 10 11)
[    0.239956] ACPI: PCI Interrupt Link [LNKD] (IRQs 5 9 10 *11)
[    0.240297] SCSI subsystem initialized
[    0.240956] pci 0000:00:02.0: vgaarb: setting as boot VGA device
[    0.240973] pci 0000:00:02.0: vgaarb: VGA device added: decodes=io+mem,owns=io+mem,locks=none
[    0.244008] pci 0000:00:02.0: vgaarb: bridge control possible
[    0.245241] vgaarb: loaded
[    0.245726] ACPI: bus type USB registered
[    0.246394] usbcore: registered new interface driver usbfs
[    0.248013] usbcore: registered new interface driver hub
[    0.249012] usbcore: registered new device driver usb
[    0.249848] EDAC MC: Ver: 3.0.0
[    0.249848] PCI: Using ACPI for IRQ routing
[    0.252259] NetLabel: Initializing
[    0.252905] NetLabel:  domain hash size = 128
[    0.253603] NetLabel:  protocols = UNLABELED CIPSOv4 CALIPSO
[    0.254532] NetLabel:  unlabeled traffic allowed by default
[    0.256054] clocksource: Switched to clocksource kvm-clock
[    0.266364] VFS: Disk quotas dquot_6.6.0
[    0.267258] VFS: Dquot-cache hash table entries: 512 (order 0, 4096 bytes)
[    0.268530] AppArmor: AppArmor Filesystem Enabled
[    0.269313] pnp: PnP ACPI init
[    0.270792] pnp: PnP ACPI: found 3 devices
[    0.279224] clocksource: acpi_pm: mask: 0xffffff max_cycles: 0xffffff, max_idle_ns: 2085701024 ns
[    0.280895] NET: Registered protocol family 2
[    0.281762] TCP established hash table entries: 16384 (order: 5, 131072 bytes)
[    0.282970] TCP bind hash table entries: 16384 (order: 6, 262144 bytes)
[    0.284024] TCP: Hash tables configured (established 16384 bind 16384)
[    0.286098] UDP hash table entries: 1024 (order: 3, 32768 bytes)
[    0.287045] UDP-Lite hash table entries: 1024 (order: 3, 32768 bytes)
[    0.288071] NET: Registered protocol family 1
[    0.288810] pci 0000:00:00.0: Limiting direct PCI/PCI transfers
[    0.289761] pci 0000:00:01.0: Activating ISA DMA hang workarounds
[    0.290761] pci 0000:00:02.0: Video device with shadowed ROM at [mem 0x000c0000-0x000dffff]
[    0.292175] Unpacking initramfs...
[    0.523904] Freeing initrd memory: 19148K
[    0.524922] clocksource: tsc: mask: 0xffffffffffffffff max_cycles: 0x2b3e43c8763, max_idle_ns: 440795360101 ns
[    0.526681] platform rtc_cmos: registered platform RTC device (no PNP device found)
[    0.527913] Scanning for low memory corruption every 60 seconds
[    0.529361] Initialise system trusted keyrings
[    0.530504] Key type blacklist registered
[    0.531215] workingset: timestamp_bits=36 max_order=19 bucket_order=0
[    0.532912] zbud: loaded
[    0.533728] squashfs: version 4.0 (2009/01/31) Phillip Lougher
[    0.534764] fuse init (API version 7.26)
[    0.537037] Key type asymmetric registered
[    0.537711] Asymmetric key parser 'x509' registered
[    0.538512] Block layer SCSI generic (bsg) driver version 0.4 loaded (major 246)
[    0.539716] io scheduler noop registered
[    0.540396] io scheduler deadline registered
[    0.541106] io scheduler cfq registered (default)
[    0.542144] ACPI: AC Adapter [AC] (on-line)
[    0.542871] input: Power Button as /devices/LNXSYSTM:00/LNXPWRBN:00/input/input0
[    0.544205] ACPI: Power Button [PWRF]
[    0.544871] input: Sleep Button as /devices/LNXSYSTM:00/LNXSLPBN:00/input/input1
[    0.546054] ACPI: Sleep Button [SLPF]
[    0.546917] Serial: 8250/16550 driver, 32 ports, IRQ sharing enabled
[    0.568624] 00:02: ttyS0 at I/O 0x3f8 (irq = 4, base_baud = 115200) is a 16550A
[    0.572670] Linux agpgart interface v0.103
[    0.574466] loop: module loaded
[    0.575394] scsi host0: ata_piix
[    0.576055] scsi host1: ata_piix
[    0.576628] ata1: PATA max UDMA/33 cmd 0x1f0 ctl 0x3f6 bmdma 0xd000 irq 14
[    0.577840] ata2: PATA max UDMA/33 cmd 0x170 ctl 0x376 bmdma 0xd008 irq 15
[    0.578964] libphy: Fixed MDIO Bus: probed
[    0.579742] tun: Universal TUN/TAP device driver, 1.6
[    0.580765] PPP generic driver version 2.4.2
[    0.581516] ehci_hcd: USB 2.0 'Enhanced' Host Controller (EHCI) Driver
[    0.582533] ehci-pci: EHCI PCI platform driver
[    0.583256] ehci-platform: EHCI generic platform driver
[    0.584087] ohci_hcd: USB 1.1 'Open' Host Controller (OHCI) Driver
[    0.585090] ohci-pci: OHCI PCI platform driver
[    0.585811] ohci-platform: OHCI generic platform driver
[    0.586642] uhci_hcd: USB Universal Host Controller Interface driver
[    0.587661] i8042: PNP: PS/2 Controller [PNP0303:PS2K,PNP0f03:PS2M] at 0x60,0x64 irq 1,12
[    0.589338] serio: i8042 KBD port at 0x60,0x64 irq 1
[    0.590152] serio: i8042 AUX port at 0x60,0x64 irq 12
[    0.591106] mousedev: PS/2 mouse device common for all mice
[    0.592568] input: AT Translated Set 2 keyboard as /devices/platform/i8042/serio0/input/input2
[    0.594083] rtc_cmos rtc_cmos: rtc core: registered rtc_cmos as rtc0
[    0.595208] rtc_cmos rtc_cmos: alarms up to one day, 114 bytes nvram
[    0.596202] i2c /dev entries driver
[    0.596840] device-mapper: uevent: version 1.0.3
[    0.597656] device-mapper: ioctl: 4.37.0-ioctl (2017-09-20) initialised: dm-devel@redhat.com
[    0.599026] ledtrig-cpu: registered to indicate activity on CPUs
[    0.600228] NET: Registered protocol family 10
[    0.603520] Segment Routing with IPv6
[    0.604179] NET: Registered protocol family 17
[    0.604947] Key type dns_resolver registered
[    0.606079] mce: Using 0 MCE banks
[    0.606660] RAS: Correctable Errors collector initialized.
[    0.607531] sched_clock: Marking stable (606059644, 0)->(743776180, -137716536)
[    0.609012] registered taskstats version 1
[    0.609682] Loading compiled-in X.509 certificates
[    0.612113] Loaded X.509 cert 'Build time autogenerated kernel key: 01a66adcc10ca4ce7676a3458c33483b0e2b806e'
[    0.613660] zswap: loaded using pool lzo/zbud
[    0.616808] Key type big_key registered
[    0.617529] Key type trusted registered
[    0.619486] Key type encrypted registered
[    0.620160] AppArmor: AppArmor sha1 policy hashing enabled
[    0.621028] ima: No TPM chip found, activating TPM-bypass! (rc=-19)
[    0.622081] ima: Allocated hash algorithm: sha1
[    0.622824] evm: HMAC attrs: 0x1
[    0.623572]   Magic number: 11:441:276
[    0.624247] tty tty13: hash matches
[    0.624879] rtc_cmos rtc_cmos: setting system clock to 2019-11-07 11:17:50 UTC (1573125470)
[    0.626388] BIOS EDD facility v0.16 2004-Jun-25, 0 devices found
[    0.627433] EDD information not available.
[    0.780131] Freeing unused kernel image memory: 2436K
[    0.808278] Write protecting the kernel read-only data: 20480k
[    0.810939] Freeing unused kernel image memory: 2008K
[    0.812474] Freeing unused kernel image memory: 1884K
[    0.818440] x86/mm: Checked W+X mappings: passed, no W+X pages found.
[    0.819687] x86/mm: Checking user space page tables
[    0.825451] x86/mm: Checked W+X mappings: passed, no W+X pages found.
Loading, please wait...
starting version 237
[    0.872653] e1000: Intel(R) PRO/1000 Network Driver - version 7.3.21-k8-NAPI
[    0.874183] e1000: Copyright (c) 1999-2006 Intel Corporation.
[    0.881554] Fusion MPT base driver 3.04.20
[    0.882723] Copyright (c) 1999-2008 LSI Corporation
[    0.889313] Fusion MPT SPI Host driver 3.04.20
[    0.895558] AVX2 version of gcm_enc/dec engaged.
[    0.896601] AES CTR mode by8 optimization enabled
[    1.090660] input: ImExPS/2 Generic Explorer Mouse as /devices/platform/i8042/serio1/input/input4
[    1.259414] e1000 0000:00:03.0 eth0: (PCI:33MHz:32-bit) 02:18:28:f7:cd:3b
[    1.260710] e1000 0000:00:03.0 eth0: Intel(R) PRO/1000 Network Connection
[    1.263295] e1000 0000:00:03.0 enp0s3: renamed from eth0
[    1.264103] mptbase: ioc0: Initiating bringup
[    1.560639] ioc0: LSI53C1030 A0: Capabilities={Initiator}
[    2.898876] scsi host2: ioc0: LSI53C1030 A0, FwRev=00000000h, Ports=1, MaxQ=256, IRQ=20
[    3.698374] scsi 2:0:0:0: Direct-Access     VBOX     HARDDISK         1.0  PQ: 0 ANSI: 5
[    3.728424] scsi target2:0:0: Beginning Domain Validation
[    3.732827] scsi target2:0:0: Domain Validation skipping write tests
[    3.733833] scsi target2:0:0: Ending Domain Validation
[    3.734716] scsi target2:0:0: asynchronous
[    3.735998] scsi 2:0:1:0: Direct-Access     VBOX     HARDDISK         1.0  PQ: 0 ANSI: 5
[    3.768449] scsi target2:0:1: Beginning Domain Validation
[    3.771072] random: fast init done
[    3.771811] scsi target2:0:1: Domain Validation skipping write tests
[    3.772843] scsi target2:0:1: Ending Domain Validation
[    3.773737] scsi target2:0:1: asynchronous
[    3.777389] random: systemd-udevd: uninitialized urandom read (16 bytes read)
[    3.777428] sd 2:0:0:0: Attached scsi generic sg0 type 0
[    3.778553] random: systemd-udevd: uninitialized urandom read (16 bytes read)
[    3.779486] sd 2:0:1:0: Attached scsi generic sg1 type 0
[    3.780579] random: systemd-udevd: uninitialized urandom read (16 bytes read)
[    3.782709] sd 2:0:0:0: [sda] 20971520 512-byte logical blocks: (10.7 GB/10.0 GiB)
[    3.782713] sd 2:0:1:0: [sdb] 20480 512-byte logical blocks: (10.5 MB/10.0 MiB)
[    3.783965] sd 2:0:0:0: [sda] Write Protect is off
[    3.785970] sd 2:0:1:0: [sdb] Write Protect is off
[    3.786051] sd 2:0:0:0: [sda] Incomplete mode parameter data
[    3.787657] sd 2:0:0:0: [sda] Assuming drive cache: write through
[    3.788718] sd 2:0:1:0: [sdb] Incomplete mode parameter data
[    3.789637] sd 2:0:1:0: [sdb] Assuming drive cache: write through
[    3.792038]  sda: sda1
[    3.793592] sd 2:0:0:0: [sda] Attached SCSI disk
[    3.794375] sd 2:0:1:0: [sdb] Attached SCSI disk
Begin: Loading essential drivers ... [    5.151117] raid6: sse2x1   gen() 14808 MB/s
[    5.201071] raid6: sse2x1   xor() 10246 MB/s
[    5.250989] raid6: sse2x2   gen() 17402 MB/s
[    5.296215] raid6: sse2x2   xor() 11460 MB/s
[    5.347776] raid6: sse2x4   gen() 20427 MB/s
[    5.397989] raid6: sse2x4   xor() 12363 MB/s
[    5.444366] raid6: avx2x1   gen() 27427 MB/s
[    5.492359] raid6: avx2x1   xor() 19809 MB/s
[    5.541387] raid6: avx2x2   gen() 33063 MB/s
[    5.588185] raid6: avx2x2   xor() 21681 MB/s
[    5.636364] raid6: avx2x4   gen() 39165 MB/s
[    5.684674] raid6: avx2x4   xor() 23685 MB/s
[    5.685655] raid6: using algorithm avx2x4 gen() 39165 MB/s
[    5.686579] raid6: .... xor() 23685 MB/s, rmw enabled
[    5.687406] raid6: using avx2x2 recovery algorithm
[    5.688968] xor: automatically using best checksumming function   avx       
[    5.691079] async_tx: api initialized (async)
done.
Begin: Running /scripts/init-premount ... done.
Begin: Mounting root file system ... Begin: Running /scripts/local-top ... done.
Begin: Running /scripts/local-premount ... [    5.723037] Btrfs loaded, crc32c=crc32c-intel
Scanning for Btrfs filesystems
done.
Warning: fsck not present, so skipping root file system
[    5.743046] EXT4-fs (sda1): mounted filesystem with ordered data mode. Opts: (null)
done.
Begin: Running /scripts/local-bottom ... done.
Begin: Running /scripts/init-bottom ... done.
[    5.839025] ip_tables: (C) 2000-2006 Netfilter Core Team
[    5.843236] systemd[1]: systemd 237 running in system mode. (+PAM +AUDIT +SELINUX +IMA +APPARMOR +SMACK +SYSVINIT +UTMP +LIBCRYPTSETUP +GCRYPT +GNUTLS +ACL +XZ +LZ4 +SECCOMP +BLKID +ELFUTILS +KMOD -IDN2 +IDN -PCRE2 default-hierarchy=hybrid)
[    5.846606] systemd[1]: Detected virtualization oracle.
[    5.847453] systemd[1]: Detected architecture x86-64.

Welcome to [1mUbuntu 18.04.3 LTS[0m!

[    5.851388] systemd[1]: Set hostname to <ubuntu>.
[    5.853587] systemd[1]: Initializing machine ID from random generator.
[    5.854626] systemd[1]: Installed transient /etc/machine-id file.
[    5.986776] systemd[1]: Set up automount Arbitrary Executable File Formats File System Automount Point.
[[0;32m  OK  [0m] Set up automount Arbitrary Executabâ€¦rmats File System Automount Point.
[    5.989363] systemd[1]: Reached target Swap.
[[0;32m  OK  [0m] Reached target Swap.
[    5.991547] systemd[1]: Created slice User and Session Slice.
[[0;32m  OK  [0m] Created slice User and Session Slice.
[    5.993204] systemd[1]: Created slice System Slice.
[[0;32m  OK  [0m] Created slice System Slice.
[[0;32m  OK  [0m] Listening on Device-mapper event daemon FIFOs.
[[0;32m  OK  [0m] Listening on udev Kernel Socket.
[[0;32m  OK  [0m] Listening on Journal Socket.
         Mounting Kernel Debug File System...
         Mounting POSIX Message Queue File System...
         Starting Remount Root and Kernel File Systems...
[[0;32m  OK  [0m] Listening on udev Control Socket.
[[0;32m  OK  [0m] Listening on Journal Socket (/dev/log).
[    6.010484] EXT4-fs (sda1): re-mounted. Opts: (null)
[[0;32m  OK  [0m] Listening on LVM2 poll daemon socket.
         Starting Create list of required stâ€¦ce nodes for the current kernel...
         Starting Uncomplicated firewall...
[[0;32m  OK  [0m] Reached target Slices.
[[0;32m  OK  [0m] Listening on /dev/initctl Compatibility Named Pipe.
[[0;32m  OK  [0m] Started Forward Password Requests to Wall Directory Watch.
[[0;32m  OK  [0m] Listening on Network Service Netlink Socket.
[[0;32m  OK  [0m] Reached target User and Group Name Lookups.
[[0;32m  OK  [0m] Listening on LVM2 metadata daemon socket.
         Starting udev Coldplug all Devices...
         Starting Monitoring of LVM2 mirrorsâ€¦ng dmeventd or progress polling...
[[0;32m  OK  [0m] Reached target System Time Synchronized.
[[0;32m  OK  [0m] Listening on Journal Audit Socket.
         Mounting Huge Pages File System...
         Starting Load Kernel Modules...
[[0;32m  OK  [0m] Listening on Syslog Socket.
         Starting Journal Service...
[[0;32m  OK  [0m] Created slice system-serial\x2dgetty.slice.
         Starting Set the console keyboard layout...
[[0;32m  OK  [0m] Mounted Kernel Debug File System.
[[0;32m  OK  [0m] Mounted POSIX Message Queue File System.
[[0;32m  OK  [0m] Started Remount Root and Kernel File Systems.
[[0;32m  OK  [0m] Started Create list of required staâ€¦vice nodes for the current kernel.
[[0;32m  OK  [0m] Started Uncomplicated firewall.
[[0;32m  OK  [0m] Mounted Huge Pages File System.
[    6.163010] Loading iSCSI transport class v2.0-870.
[[0;32m  OK  [0m] Started LVM2 metadata daemon.
         Starting Create Static Device Nodes in /dev...
         Starting Load/Save Random Seed...
[[0;32m  OK  [0m] Started Create Static Device Nodes in /dev.
         Starting udev Kernel Device Manager...
[[0;32m  OK  [0m] Started udev Coldplug all Devices.
[[0;32m  OK  [0m] Started Load/Save Random Seed.
[    6.211431] iscsi: registered transport (tcp)
[    6.221222] iscsi: registered transport (iser)
[[0;32m  OK  [0m] Started Load Kernel Modules.
         Mounting Kernel Configuration File System...
         Mounting FUSE Control File System...
         Starting Apply Kernel Variables...
[[0;32m  OK  [0m] Mounted Kernel Configuration File System.
[[0;32m  OK  [0m] Mounted FUSE Control File System.
[[0;32m  OK  [0m] Started udev Kernel Device Manager.
[[0;32m  OK  [0m] Started Journal Service.
         Starting Flush Journal to Persistent Storage...
[[0;32m  OK  [0m] Started Monitoring of LVM2 mirrors,â€¦sing dmeventd or progress polling.
[[0;32m  OK  [0m] Started Apply Kernel Variables.
[[0;32m  OK  [0m] Started Flush Journal to Persistent Storage.
[[0;32m  OK  [0m] Found device /dev/ttyS0.
[[0;32m  OK  [0m] Listening on Load/Save RF Kill Switch Status /dev/rfkill Watch.
[[0;32m  OK  [0m] Started Set the console keyboard layout.
[[0;32m  OK  [0m] Reached target Local File Systems (Pre).
[[0;32m  OK  [0m] Reached target Local File Systems.
         Starting ebtables ruleset management...
         Starting Commit a transient machine-id on disk...
         Starting Set console font and keymap...
         Starting Create Volatile Files and Directories...
         Starting AppArmor initialization...
         Starting Tell Plymouth To Write Out Runtime Data...
[[0;32m  OK  [0m] Started Dispatch Password Requests to Console Directory Watch.
[[0;32m  OK  [0m] Reached target Local Encrypted Volumes.
[[0;32m  OK  [0m] Started Set console font and keymap.
[[0;32m  OK  [0m] Started Create Volatile Files and Directories.
[[0;32m  OK  [0m] Started Tell Plymouth To Write Out Runtime Data.
         Starting Update UTMP about System Boot/Shutdown...
[[0;32m  OK  [0m] Started Update UTMP about System Boot/Shutdown.
[[0;32m  OK  [0m] Started Commit a transient machine-id on disk.
[[0;32m  OK  [0m] Started ebtables ruleset management.
[[0;32m  OK  [0m] Started AppArmor initialization.
         Starting Initial cloud-init job (pre-networking)...
[    7.997181] cloud-init[650]: Cloud-init v. 19.2-36-g059d049c-0ubuntu2~18.04.1 running 'init-local' at Thu, 07 Nov 2019 11:17:57 +0000. Up 7.75 seconds.
[[0;32m  OK  [0m] Started Initial cloud-init job (pre-networking).
[[0;32m  OK  [0m] Reached target Network (Pre).
         Starting Network Service...
[[0;32m  OK  [0m] Started Network Service.
         Starting Network Name Resolution...
         Starting Wait for Network to be Configured...
[[0;32m  OK  [0m] Started Network Name Resolution.
[[0;32m  OK  [0m] Reached target Host and Network Name Lookups.
[[0;32m  OK  [0m] Reached target Network.
[[0;32m  OK  [0m] Started Wait for Network to be Configured.
         Starting Initial cloud-init job (metadata service crawler)...
[   10.219525] cloud-init[767]: Cloud-init v. 19.2-36-g059d049c-0ubuntu2~18.04.1 running 'init' at Thu, 07 Nov 2019 11:18:00 +0000. Up 10.12 seconds.
[   10.221232] cloud-init[767]: ci-info: ++++++++++++++++++++++++++++++++++++++Net device info++++++++++++++++++++++++++++++++++++++
[   10.222168] cloud-init[767]: ci-info: +--------+------+----------------------------+---------------+--------+-------------------+
[   10.223252] cloud-init[767]: ci-info: | Device |  Up  |          Address           |      Mask     | Scope  |     Hw-Address    |
[   10.240205] cloud-init[767]: ci-info: +--------+------+----------------------------+---------------+--------+-------------------+
[   10.241555] cloud-init[767]: ci-info: | enp0s3 | True |         10.0.2.15          | 255.255.255.0 | global | 02:18:28:f7:cd:3b |
[   10.242942] cloud-init[767]: ci-info: | enp0s3 | True | fe80::18:28ff:fef7:cd3b/64 |       .       |  link  | 02:18:28:f7:cd:3b |
[   10.244541] cloud-init[767]: ci-info: |   lo   | True |         127.0.0.1          |   255.0.0.0   |  host  |         .         |
[   10.246118] cloud-init[767]: ci-info: |   lo   | True |          ::1/128           |       .       |  host  |         .         |
[   10.247718] cloud-init[767]: ci-info: +--------+------+----------------------------+---------------+--------+-------------------+
[   10.249379] cloud-init[767]: ci-info: ++++++++++++++++++++++++++++Route IPv4 info+++++++++++++++++++++++++++++
[   10.250917] cloud-init[767]: ci-info: +-------+-------------+----------+-----------------+-----------+-------+
[   10.252822] cloud-init[767]: ci-info: | Route | Destination | Gateway  |     Genmask     | Interface | Flags |
[   10.254149] cloud-init[767]: ci-info: +-------+-------------+----------+-----------------+-----------+-------+
[   10.256579] cloud-init[767]: ci-info: |   0   |   0.0.0.0   | 10.0.2.2 |     0.0.0.0     |   enp0s3  |   UG  |
[   10.257614] cloud-init[767]: ci-info: |   1   |   10.0.2.0  | 0.0.0.0  |  255.255.255.0  |   enp0s3  |   U   |
[   10.258389] cloud-init[767]: ci-info: |   2   |   10.0.2.2  | 0.0.0.0  | 255.255.255.255 |   enp0s3  |   UH  |
[   10.259632] cloud-init[767]: ci-info: +-------+-------------+----------+-----------------+-----------+-------+
[   10.261057] cloud-init[767]: ci-info: +++++++++++++++++++Route IPv6 info+++++++++++++++++++
[   10.262159] cloud-init[767]: ci-info: +-------+-------------+---------+-----------+-------+
[   10.263238] cloud-init[767]: ci-info: | Route | Destination | Gateway | Interface | Flags |
[   10.264340] cloud-init[767]: ci-info: +-------+-------------+---------+-----------+-------+
[   10.265428] cloud-init[767]: ci-info: |   1   |  fe80::/64  |    ::   |   enp0s3  |   U   |
[   10.266541] cloud-init[767]: ci-info: |   3   |    local    |    ::   |   enp0s3  |   U   |
[   10.267599] cloud-init[767]: ci-info: |   4   |   ff00::/8  |    ::   |   enp0s3  |   U   |
[   10.268704] cloud-init[767]: ci-info: +-------+-------------+---------+-----------+-------+
[   10.755493] cloud-init[767]: Generating public/private rsa key pair.
[   10.768441] cloud-init[767]: Your identification has been saved in /etc/ssh/ssh_host_rsa_key.
[   10.769363] cloud-init[767]: Your public key has been saved in /etc/ssh/ssh_host_rsa_key.pub.
[   10.770056] cloud-init[767]: The key fingerprint is:
[   10.770703] cloud-init[767]: SHA256:wODO4/rZAuIiMYlUWteMMCSpE7bJnFxqgBxLDze/5lk root@ubuntu-bionic
[   10.771989] cloud-init[767]: The key's randomart image is:
[   10.772756] cloud-init[767]: +---[RSA 2048]----+
[   10.773459] cloud-init[767]: |o=+*o +          |
[   10.784425] cloud-init[767]: |=+*=+= o         |
[   10.785137] cloud-init[767]: |BoX.o.o          |
[[0;32m  OK  [0m] Started Initial cloud-init job (metadata service crawler).
[   10.800982] cloud-init[767]: |o% o  ..         |
[[0;32m  OK  [0m] Reached target Cloud-config availability.
[[0;32m  OK  [0m] Reached target Network is Online.
[   10.816895] cloud-init[767]: |+o  +o ES        |
[   10.840929] cloud-init[767]: |* ..o.o          |
         Starting Availability of block devices...
[[0;32m  OK  [0m] Reached target Remote File Systems (Pre).
[[0;32m  OK  [0m] Reached target Remote File Systems.
[[0;32m  OK  [0m] Reached target System Initialization.
[[0;32m  OK  [0m] Listening on D-Bus System Message Bus Socket.
[[0;32m  OK  [0m] Started Message of the Day.
[[0;32m  OK  [0m] Listening on Open-iSCSI iscsid Socket.
[   10.843371] cloud-init[[0;32m  OK  [0m] Started ACPI Events Check.
         Starting Socket activation for snappy daemon.
[[0;32m  OK  [0m] Reached target Paths.
[[0;32m  OK  [0m] Listening on ACPID Listen Socket.
[[0;32m  OK  [0m] Started Daily apt download activities.
[[0;32m  OK  [0m] Started Daily apt upgrade and clean activities.
[[0;32m  OK  [0m] Listening on UUID daemon activation socket.
[[0;32m  OK  [0m] Started Discard unused blocks once a week.
[767]: |.+ ..o           |
         Starting LXD - unix socket.
[[0;32m  OK  [0m] Started Daily Cleanup of Temporary Directories.
[[0;32m  OK  [0m] Reached target Timers.
[   10.862443] cloud-init[767]: |o. ..o           |
[[0;32m  OK  [0m] Started Availability of block devices.
[   10.873654] cloud-init[767]: |o ..o..          |
[[0;32m  OK  [0m] Listening on Socket activation for snappy daemon.
[   10.885466] cloud-init[767]: +----[SHA256]-----+
[[0;32m  OK  [0m] Listening on LXD - unix socket.
[   10.900838] cloud-init[767]: Generating public/private dsa key pair.
[   10.912833] cloud-init[767]: Your identification has been saved in /etc/ssh/ssh_host_dsa_key.
[[   10.912889] [0;32m  OK  [0mcloud-init] [767]: Reached target Sockets.
Your public key has been saved in /etc/ssh/ssh_host_dsa_key.pub.
[[0;32m  OK  [0m[   10.914299] ] cloud-initReached target Basic System.[767]: 
The key fingerprint is:
[   10.915469] cloud-init[767]: SHA256:JJNvT+ASxWsMREWqsoKMtTDTicF4Dtw8+BdiCIIDkmc root@ubuntu-bionic
[   10.916685] cloud-init[767]: The key's randomart image is:
[   10.917400] cloud-init[767]: +---[DSA 1024]----+
[   10.917867] cloud-init[767]: |B.   oo++        |
[   10.918506] cloud-init[767]: |@ E   .+.        |
[   10.919144] cloud-init[767]: |+O.* .*oo.       |
[   10.919784] cloud-init[767]: | Bo.o..B+.       |
[   10.920436] cloud-init[767]: |= *.....S .      |
[   10.921067] cloud-init[767]: |+= +.  o o       |
[   10.921700] cloud-init[767]: |+.o       .      |
[   10.922361] cloud-init[767]: | .               |
         [   10.922992] cloud-init[767]: |                 |
[   10.923130] cloud-init[767]: +----[SHA256]-----+
[   10.923627] cloud-init[767]: Generating public/private ecdsa key pair.
[   10.924471] cloud-init[767]: Your identification has been saved in /etc/ssh/ssh_host_ecdsa_key.
[   10.924955] cloud-init[767]: Your public key has been saved in /etc/ssh/ssh_host_ecdsa_key.pub.
[   10.925443] cloud-init[767]: The key fingerprint is:
[   10.925930] cloud-init[767]: SHA256:ojnxDvsMg6KAT1kRAppfNCifr9uFtsEq/qF+/8xwxwo root@ubuntu-bionic
[   10.926395] cloud-init[767]: The key's randomart image is:
[   10.926883] cloud-init[767]: +---[ECDSA 256]---+
[   10.927379] cloud-init[767]: |....+            |
[   10.927868] cloud-init[767]: |o..o o           |
[   10.928377] cloud-init[767]: |oo .o            |
[   10.928861] cloud-init[767]: | .o. .           |
[   10.929350] cloud-init[767]: |  ..o . S        |
[   10.929838] cloud-init[767]: |.  =.* ..        |
[   10.930328] cloud-init[767]: |+ +o%Eo. o       |
[   10.930815] cloud-init[767]: |++o=.%* o        |
[   10.931303] cloud-init[767]: |+=*o=o==         |
[   10.931790] cloud-init[767]: +----[SHA256]-----+
[   10.932448] cloud-init[767]: Generating public/private ed25519 key pair.
[   10.933105] cloud-init[767]: Your identification has been saved in /etc/ssh/ssh_host_ed25519_key.
[   10.933586] cloud-init[767]: Your public key has been saved in /etc/ssh/ssh_host_ed25519_key.pub.
[   10.934068] cloud-init[767]: The key fingerprint is:
[   10.934553] cloud-init[767]: SHA256:FMKdnCXOEGXoNsFF35Ps/exwXvOgIRJv6+yhDKORPE8 root@ubuntu-bionic
[   10.935038] cloud-init[767]: The key's randomart image is:
[   10.935523] cloud-init[767]: +--[ED25519 256]--+
[   10.936036] cloud-init[767]: |     o+OB+.      |
[   10.936500] cloud-init[767]: |      =*=+ o .   |
[   10.936979] cloud-init[767]: |     . .+ . =    |
[   10.937457] cloud-init[767]: |      +.   . o   |
[   10.937943] cloud-init[767]: |     . .S   . .  |
[   10.938419] cloud-init[767]: |   . .   o     o |
[   10.938902] cloud-init[767]: |    = E . = . o.=|
Starting Accounts Service...
         Starting Permit User Sessions...
         Starting LXD - container startup/shutdown...[   10.939249] cloud-init[767]: |     * + = + o *+|
[   10.948678] cloud-init[767]: |    . . oo= .   +|
[   10.949125] cloud-init[767]: +----[SHA256]-----+

[[0;32m  OK  [0m] Started Deferred execution scheduler.
         Starting LSB: automatic crash report generation...
         Starting LSB: Record successful boot for GRUB...
         Starting Pollinate to seed the pseudo random number generator...
[[0;32m  OK  [0m] Started Regular background program processing daemon.
         Starting Dispatcher daemon for systemd-networkd...
[[0;32m  OK  [0m] Started irqbalance daemon.
         Starting Virtualbox guest utils...
         Starting Login Service...
[[0;32m  OK  [0m] Started D-Bus System Message Bus.
[[0;32m  OK  [0m] Started FUSE filesystem for LXC.
         Starting System Logging Service...
         Starting Snappy daemon...
[[0;32m  OK  [0m] Started System Logging Service.
[[0;32m  OK  [0m] Started Permit User Sessions.
[[0;32m  OK  [0m] Started LXD - container startup/shutdown.
[[0;32m  OK  [0m] Started Login Service.
         Starting Authorization Manager...
[[0;32m  OK  [0m] Started Unattended Upgrades Shutdown.
         Starting Hold until boot process finishes up...
         Starting Terminate Plymouth Boot Screen...
[[0;32m  OK  [0m] Started Hold until boot process finishes up.
[[0;32m  OK  [0m] Started Serial Getty on ttyS0.
         Starting Set console scheme...
[[0;32m  OK  [0m] Started Terminate Plymouth Boot Screen.
[[0;32m  OK  [0m] Started LSB: automatic crash report generation.
[[0;32m  OK  [0m] Started Dispatcher daemon for systemd-networkd.
[[0;32m  OK  [0m] Started Set console scheme.
[[0;32m  OK  [0m] Started LSB: Record successful boot for GRUB.
[[0;32m  OK  [0m] Created slice system-getty.slice.
[[0;32m  OK  [0m] Started Getty on tty1.
[[0;32m  OK  [0m] Reached target Login Prompts.
[[0;32m  OK  [0m] Started Virtualbox guest utils.
[[0;32m  OK  [0m] Started Authorization Manager.
[[0;32m  OK  [0m] Started Accounts Service.
[[0;32m  OK  [0m] Started Snappy daemon.
         Starting Wait until snapd is fully seeded...
[[0;32m  OK  [0m] Started Pollinate to seed the pseudo random number generator.
         Starting OpenBSD Secure Shell server...
[[0;32m  OK  [0m] Started OpenBSD Secure Shell server.
[[0;32m  OK  [0m] Created slice User Slice of vagrant.
         Starting User Manager for UID 1000...
[[0;32m  OK  [0m] Started Session 1 of user vagrant.
[[0;32m  OK  [0m] Started User Manager for UID 1000.
[[0;32m  OK  [0m] Started Wait until snapd is fully seeded.
[[0;32m  OK  [0m] Reached target Multi-User System.
[[0;32m  OK  [0m] Reached target Graphical Interface.
         Starting Update UTMP about System Runlevel Changes...
         Starting Apply the settings specified in cloud-config...
[[0;32m  OK  [0m] Started Update UTMP about System Runlevel Changes.
[   13.283325] cloud-init[1436]: Cloud-init v. 19.2-36-g059d049c-0ubuntu2~18.04.1 running 'modules:config' at Thu, 07 Nov 2019 11:18:02 +0000. Up 12.98 seconds.
[[0;32m  OK  [0m] Started Apply the settings specified in cloud-config.
         Starting Execute cloud user/final scripts...
ci-info: no authorized ssh keys fingerprints found for user ubuntu.
<14>Nov  7 11:18:03 ec2: 
<14>Nov  7 11:18:03 ec2: #############################################################
<14>Nov  7 11:18:03 ec2: -----BEGIN SSH HOST KEY FINGERPRINTS-----
<14>Nov  7 11:18:03 ec2: 1024 SHA256:JJNvT+ASxWsMREWqsoKMtTDTicF4Dtw8+BdiCIIDkmc root@ubuntu-bionic (DSA)
<14>Nov  7 11:18:03 ec2: 256 SHA256:ojnxDvsMg6KAT1kRAppfNCifr9uFtsEq/qF+/8xwxwo root@ubuntu-bionic (ECDSA)
<14>Nov  7 11:18:03 ec2: 256 SHA256:FMKdnCXOEGXoNsFF35Ps/exwXvOgIRJv6+yhDKORPE8 root@ubuntu-bionic (ED25519)
<14>Nov  7 11:18:03 ec2: 2048 SHA256:wODO4/rZAuIiMYlUWteMMCSpE7bJnFxqgBxLDze/5lk root@ubuntu-bionic (RSA)
<14>Nov  7 11:18:03 ec2: -----END SSH HOST KEY FINGERPRINTS-----
<14>Nov  7 11:18:03 ec2: #############################################################
-----BEGIN SSH HOST KEY KEYS-----
ecdsa-sha2-nistp256 AAAAE2VjZHNhLXNoYTItbmlzdHAyNTYAAAAIbmlzdHAyNTYAAABBBNMtrIv/7XreOAdGh+IGrOIvISMWXH5K9dpjaaK50lqZJvSKZ/TTUr6K4OUEAIdAS8hb8yf62htCJ98FL1mrvy4= root@ubuntu-bionic
ssh-ed25519 AAAAC3NzaC1lZDI1NTE5AAAAIKB9ahgAqMIQZpukFNAS83tReZXjWAl0dkw2XGTFDtXR root@ubuntu-bionic
ssh-rsa AAAAB3NzaC1yc2EAAAADAQABAAABAQCxWdbq0EnQDMVMTk5cVjutaxMEeL7rIrkx/HCKfnaO0YDnNSv383lpDgc6qDn5BB4qCdqT7xP/7uyR3Z9xhtg3IuzakqEIkN2MvQkgbpV2vy+wU3i7aKIYX8lQiAPKIltpu6gQ3Q70h2VwLRZx/rcKPYWzlB6IMxqdEXEEC2yZIqoL+yp9rrzKNLtv6CgNSjLZnCj8gf8xiKTzcVlkAtdye4y8u7tXXGbU6ujucWShjgGxzxD5ddffsc/leSlMo4MzqatqQQCxaBlQnqbOa9gq0nF5hPSczddH+ir0eTdeyXrGFZh8JO2PMuUXusiVUQ2z15v4SZ5Y85UXi/USnGnR root@ubuntu-bionic
-----END SSH HOST KEY KEYS-----
[   13.732427] cloud-init[1539]: Cloud-init v. 19.2-36-g059d049c-0ubuntu2~18.04.1 running 'modules:final' at Thu, 07 Nov 2019 11:18:03 +0000. Up 13.60 seconds.
[   13.744157] cloud-init[1539]: ci-info: no authorized ssh keys fingerprints found for user ubuntu.
[   13.756186] cloud-init[1539]: Cloud-init v. 19.2-36-g059d049c-0ubuntu2~18.04.1 finished at Thu, 07 Nov 2019 11:18:03 +0000. Datasource DataSourceNoCloud [seed=/dev/sdb][dsmode=net].  Up 13.72 seconds
[[0;32m  OK  [0m] Started Execute cloud user/final scripts.
[[0;32m  OK  [0m] Reached target Cloud-init target.

Ubuntu 18.04.3 LTS ubuntu-bionic ttyS0

ubuntu-bionic login:          Stopping Authorization Manager...
[[0;32m  OK  [0m] Stopped target Graphical Interface.
[[0;32m  OK  [0m] Stopped target Cloud-init target.
[[0;32m  OK  [0m] Stopped Execute cloud user/final scripts.
[[0;32m  OK  [0m] Stopped Apply the settings specified in cloud-config.
[[0;32m  OK  [0m] Stopped target Cloud-config availability.
         Stopping Session 5 of user vagrant.
[[0;32m  OK  [0m] Stopped target Timers.
[[0;32m  OK  [0m] Stopped Daily Cleanup of Temporary Directories.
[[0;32m  OK  [0m] Stopped Message of the Day.
[[0;32m  OK  [0m] Stopped Discard unused blocks once a week.
[[0;32m  OK  [0m] Stopped Daily apt upgrade and clean activities.
[[0;32m  OK  [0m] Stopped Clean PHP session files every 30 mins.
[[0;32m  OK  [0m] Stopped target Multi-User System.
         Stopping Dispatcher daemon for systemd-networkd...
         Stopping Deferred execution scheduler...
[[0;32m  OK  [0m] Stopped Wait until snapd is fully seeded.
         Stopping FUSE filesystem for LXC...
         Stopping The Apache HTTP Server...
         Stopping LXD - container startup/shutdown...
         Stopping OpenBSD Secure Shell server...
         Stopping D-Bus System Message Bus...
[[0;32m  OK  [0m] Closed Load/Save RF Kill Switch Status /dev/rfkill Watch.
         Stopping Availability of block devices...
         Stopping Unattended Upgrades Shutdown...
         Stopping LSB: Record successful boot for GRUB...
         Stopping irqbalance daemon...
         Stopping MySQL Community Server...
[[0;32m  OK  [0m] Stopped target Network is Online.
         Stopping LSB: automatic crash report generation...
         Stopping User Manager for UID 1000...
         Stopping Virtualbox guest utils...
         Stopping Regular background program processing daemon...
[[0;32m  OK  [0m] Stopped target Login Prompts.
         Stopping Serial Getty on ttyS0...
         Stopping Getty on tty1...
[[0;32m  OK  [0m] Stopped Daily apt download activities.
[[0;32m  OK  [0m] Stopped target System Time Synchronized.
         Stopping Accounts Service...
         Stopping System Logging Service...
         Stopping Session 8 of user vagrant.
[[0;32m  OK  [0m] Unmounted /var/lib/lxcfs.
[[0;32m  OK  [0m] Stopped Accounts Service.
[[0;32m  OK  [0m] Stopped Deferred execution scheduler.
[[0;32m  OK  [0m] Stopped Regular background program processing daemon.
[[0;32m  OK  [0m] Stopped Dispatcher daemon for systemd-networkd.
[[0;32m  OK  [0m] Stopped irqbalance daemon.
[[0;32m  OK  [0m] Stopped System Logging Service.
[[0;32m  OK  [0m] Stopped Authorization Manager.
[[0;32m  OK  [0m] Stopped Unattended Upgrades Shutdown.
[[0;32m  OK  [0m] Stopped Serial Getty on ttyS0.
[[0;32m  OK  [0m] Stopped Getty on tty1.
[[0;32m  OK  [0m] Stopped OpenBSD Secure Shell server.
[[0;32m  OK  [0m] Stopped User Manager for UID 1000.
[[0;32m  OK  [0m] Stopped The Apache HTTP Server.
[[0;32m  OK  [0m] Stopped D-Bus System Message Bus.
[[0;32m  OK  [0m] Stopped Availability of block devices.
[[0;32m  OK  [0m] Stopped FUSE filesystem for LXC.
[[0;32m  OK  [0m] Stopped Session 5 of user vagrant.
[[0;32m  OK  [0m] Stopped Session 8 of user vagrant.
[[0;32m  OK  [0m] Stopped target Host and Network Name Lookups.
[[0;32m  OK  [0m] Removed slice User Slice of vagrant.
[[0;32m  OK  [0m] Removed slice system-getty.slice.
         Stopping Permit User Sessions...
[[0;32m  OK  [0m] Removed slice system-serial\x2dgetty.slice.
         Stopping Login Service...
[[0;32m  OK  [0m] Stopped LSB: Record successful boot for GRUB.
[[0;32m  OK  [0m] Stopped LSB: automatic crash report generation.
[[0;32m  OK  [0m] Stopped Permit User Sessions.
[[0;32m  OK  [0m] Stopped target Remote File Systems.
[[0;32m  OK  [0m] Stopped target Remote File Systems (Pre).
[[0;32m  OK  [0m] Stopped LXD - container startup/shutdown.
[[0;32m  OK  [0m] Stopped Virtualbox guest utils.
[[0;32m  OK  [0m] Stopped Login Service.
[[0;32m  OK  [0m] Stopped target User and Group Name Lookups.
[[0;32m  OK  [0m] Stopped MySQL Community Server.
[[0;32m  OK  [0m] Stopped target Network.
         Stopping Network Name Resolution...
[[0;32m  OK  [0m] Stopped target Basic System.
[[0;32m  OK  [0m] Stopped target Slices.
[[0;32m  OK  [0m] Removed slice User and Session Slice.
[[0;32m  OK  [0m] Stopped target Paths.
[[0;32m  OK  [0m] Stopped ACPI Events Check.
[[0;32m  OK  [0m] Stopped target Sockets.
[[0;32m  OK  [0m] Closed ACPID Listen Socket.
[[0;32m  OK  [0m] Closed LXD - unix socket.
[[0;32m  OK  [0m] Closed Open-iSCSI iscsid Socket.
[[0;32m  OK  [0m] Closed Socket activation for snappy daemon.
[[0;32m  OK  [0m] Closed D-Bus System Message Bus Socket.
[[0;32m  OK  [0m] Closed Syslog Socket.
[[0;32m  OK  [0m] Closed UUID daemon activation socket.
[[0;32m  OK  [0m] Stopped target System Initialization.
         Stopping Load/Save Random Seed...
[[0;32m  OK  [0m] Stopped Initial cloud-init job (metadata service crawler).
[[0;32m  OK  [0m] Stopped Wait for Network to be Configured.
         Stopping Update UTMP about System Boot/Shutdown...
[[0;32m  OK  [0m] Stopped target Local Encrypted Volumes.
[[0;32m  OK  [0m] Stopped Forward Password Requests to Wall Directory Watch.
[[0;32m  OK  [0m] Stopped Dispatch Password Requests to Console Directory Watch.
[[0;32m  OK  [0m] Stopped Commit a transient machine-id on disk.
[[0;32m  OK  [0m] Stopped Network Name Resolution.
[[0;32m  OK  [0m] Stopped Load/Save Random Seed.
         Stopping Network Service...
[[0;32m  OK  [0m] Stopped Update UTMP about System Boot/Shutdown.
[[0;32m  OK  [0m] Stopped Create Volatile Files and Directories.
[[0;32m  OK  [0m] Stopped target Local File Systems.
         Unmounting /run/user/1000...
         Unmounting /vagrant...
[[0;32m  OK  [0m] Stopped Network Service.
[[0;32m  OK  [0m] Unmounted /run/user/1000.
[[0;32m  OK  [0m] Unmounted /vagrant.
[[0;32m  OK  [0m] Reached target Unmount All Filesystems.
[[0;32m  OK  [0m] Stopped target Local File Systems (Pre).
         Stopping Monitoring of LVM2 mirrorsâ€¦ng dmeventd or progress polling...
[[0;32m  OK  [0m] Stopped Create Static Device Nodes in /dev.
[[0;32m  OK  [0m] Stopped target Swap.
[[0;32m  OK  [0m] Stopped target Network (Pre).
[[0;32m  OK  [0m] Stopped Initial cloud-init job (pre-networking).
[[0;32m  OK  [0m] Stopped Remount Root and Kernel File Systems.
[[0;32m  OK  [0m] Stopped Apply Kernel Variables.
[[0;32m  OK  [0m] Stopped Load Kernel Modules.
[[0;32m  OK  [0m] Reached target Shutdown.
[[0;32m  OK  [0m] Reached target Final Step.
         Starting Power-Off...
[[0;32m  OK  [0m] Stopped Monitoring of LVM2 mirrors,â€¦sing dmeventd or progress polling.
         Stopping LVM2 metadata daemon...
[[0;32m  OK  [0m] Stopped LVM2 metadata daemon.
[ 1110.819844] reboot: Power down
